Archive member included to satisfy reference by file (symbol)

C:\Users\daian\Documents\GitHub_Proyectos\PWMGeneracionMedicion\freertos\Debug\libfreertos.a(queue.o)
                              Core/Src/main.o (xQueueGenericCreate)
C:\Users\daian\Documents\GitHub_Proyectos\PWMGeneracionMedicion\freertos\Debug\libfreertos.a(tasks.o)
                              Core/Src/main.o (xTaskCreate)
C:\Users\daian\Documents\GitHub_Proyectos\PWMGeneracionMedicion\freertos\Debug\libfreertos.a(timers.o)
                              C:\Users\daian\Documents\GitHub_Proyectos\PWMGeneracionMedicion\freertos\Debug\libfreertos.a(tasks.o) (xTimerCreateTimerTask)
C:\Users\daian\Documents\GitHub_Proyectos\PWMGeneracionMedicion\freertos\Debug\libfreertos.a(heap_3.o)
                              C:\Users\daian\Documents\GitHub_Proyectos\PWMGeneracionMedicion\freertos\Debug\libfreertos.a(queue.o) (pvPortMalloc)
C:\Users\daian\Documents\GitHub_Proyectos\PWMGeneracionMedicion\freertos\Debug\libfreertos.a(list.o)
                              C:\Users\daian\Documents\GitHub_Proyectos\PWMGeneracionMedicion\freertos\Debug\libfreertos.a(queue.o) (vListInitialise)
C:\Users\daian\Documents\GitHub_Proyectos\PWMGeneracionMedicion\freertos\Debug\libfreertos.a(port.o)
                              C:\Users\daian\Documents\GitHub_Proyectos\PWMGeneracionMedicion\freertos\Debug\libfreertos.a(tasks.o) (pxPortInitialiseStack)
c:/st/stm32cubeide_1.6.1/stm32cubeide/plugins/com.st.stm32cube.ide.mcu.externaltools.gnu-tools-for-stm32.9-2020-q2-update.win32_1.5.0.202011040924/tools/bin/../lib/gcc/arm-none-eabi/9.3.1/../../../../arm-none-eabi/lib/thumb/v7-m/nofp\libc_nano.a(lib_a-errno.o)
                              Core/Src/syscalls.o (__errno)
c:/st/stm32cubeide_1.6.1/stm32cubeide/plugins/com.st.stm32cube.ide.mcu.externaltools.gnu-tools-for-stm32.9-2020-q2-update.win32_1.5.0.202011040924/tools/bin/../lib/gcc/arm-none-eabi/9.3.1/../../../../arm-none-eabi/lib/thumb/v7-m/nofp\libc_nano.a(lib_a-exit.o)
                              c:/st/stm32cubeide_1.6.1/stm32cubeide/plugins/com.st.stm32cube.ide.mcu.externaltools.gnu-tools-for-stm32.9-2020-q2-update.win32_1.5.0.202011040924/tools/bin/../lib/gcc/arm-none-eabi/9.3.1/../../../../arm-none-eabi/lib/thumb/v7-m/nofp/crt0.o (exit)
c:/st/stm32cubeide_1.6.1/stm32cubeide/plugins/com.st.stm32cube.ide.mcu.externaltools.gnu-tools-for-stm32.9-2020-q2-update.win32_1.5.0.202011040924/tools/bin/../lib/gcc/arm-none-eabi/9.3.1/../../../../arm-none-eabi/lib/thumb/v7-m/nofp\libc_nano.a(lib_a-impure.o)
                              c:/st/stm32cubeide_1.6.1/stm32cubeide/plugins/com.st.stm32cube.ide.mcu.externaltools.gnu-tools-for-stm32.9-2020-q2-update.win32_1.5.0.202011040924/tools/bin/../lib/gcc/arm-none-eabi/9.3.1/../../../../arm-none-eabi/lib/thumb/v7-m/nofp\libc_nano.a(lib_a-exit.o) (_global_impure_ptr)
c:/st/stm32cubeide_1.6.1/stm32cubeide/plugins/com.st.stm32cube.ide.mcu.externaltools.gnu-tools-for-stm32.9-2020-q2-update.win32_1.5.0.202011040924/tools/bin/../lib/gcc/arm-none-eabi/9.3.1/../../../../arm-none-eabi/lib/thumb/v7-m/nofp\libc_nano.a(lib_a-init.o)
                              c:/st/stm32cubeide_1.6.1/stm32cubeide/plugins/com.st.stm32cube.ide.mcu.externaltools.gnu-tools-for-stm32.9-2020-q2-update.win32_1.5.0.202011040924/tools/bin/../lib/gcc/arm-none-eabi/9.3.1/../../../../arm-none-eabi/lib/thumb/v7-m/nofp/crt0.o (__libc_init_array)
c:/st/stm32cubeide_1.6.1/stm32cubeide/plugins/com.st.stm32cube.ide.mcu.externaltools.gnu-tools-for-stm32.9-2020-q2-update.win32_1.5.0.202011040924/tools/bin/../lib/gcc/arm-none-eabi/9.3.1/../../../../arm-none-eabi/lib/thumb/v7-m/nofp\libc_nano.a(lib_a-malloc.o)
                              C:\Users\daian\Documents\GitHub_Proyectos\PWMGeneracionMedicion\freertos\Debug\libfreertos.a(heap_3.o) (malloc)
c:/st/stm32cubeide_1.6.1/stm32cubeide/plugins/com.st.stm32cube.ide.mcu.externaltools.gnu-tools-for-stm32.9-2020-q2-update.win32_1.5.0.202011040924/tools/bin/../lib/gcc/arm-none-eabi/9.3.1/../../../../arm-none-eabi/lib/thumb/v7-m/nofp\libc_nano.a(lib_a-memcpy-stub.o)
                              Core/Src/main.o (memcpy)
c:/st/stm32cubeide_1.6.1/stm32cubeide/plugins/com.st.stm32cube.ide.mcu.externaltools.gnu-tools-for-stm32.9-2020-q2-update.win32_1.5.0.202011040924/tools/bin/../lib/gcc/arm-none-eabi/9.3.1/../../../../arm-none-eabi/lib/thumb/v7-m/nofp\libc_nano.a(lib_a-memset.o)
                              c:/st/stm32cubeide_1.6.1/stm32cubeide/plugins/com.st.stm32cube.ide.mcu.externaltools.gnu-tools-for-stm32.9-2020-q2-update.win32_1.5.0.202011040924/tools/bin/../lib/gcc/arm-none-eabi/9.3.1/../../../../arm-none-eabi/lib/thumb/v7-m/nofp/crt0.o (memset)
c:/st/stm32cubeide_1.6.1/stm32cubeide/plugins/com.st.stm32cube.ide.mcu.externaltools.gnu-tools-for-stm32.9-2020-q2-update.win32_1.5.0.202011040924/tools/bin/../lib/gcc/arm-none-eabi/9.3.1/../../../../arm-none-eabi/lib/thumb/v7-m/nofp\libc_nano.a(lib_a-nano-freer.o)
[...]
Memory Configuration

Name             Origin             Length             Attributes
RAM              0x0000000020000000 0x0000000000005000 xrw
FLASH            0x0000000008000000 0x0000000000010000 xr
*default*        0x0000000000000000 0xffffffffffffffff

Linker script and memory map

LOAD c:/st/stm32cubeide_1.6.1/stm32cubeide/plugins/com.st.stm32cube.ide.mcu.externaltools.gnu-tools-for-stm32.9-2020-q2-update.win32_1.5.0.202011040924/tools/bin/../lib/gcc/arm-none-eabi/9.3.1/thumb/v7-m/nofp/crti.o
LOAD c:/st/stm32cubeide_1.6.1/stm32cubeide/plugins/com.st.stm32cube.ide.mcu.externaltools.gnu-tools-for-stm32.9-2020-q2-update.win32_1.5.0.202011040924/tools/bin/../lib/gcc/arm-none-eabi/9.3.1/thumb/v7-m/nofp/crtbegin.o
LOAD c:/st/stm32cubeide_1.6.1/stm32cubeide/plugins/com.st.stm32cube.ide.mcu.externaltools.gnu-tools-for-stm32.9-2020-q2-update.win32_1.5.0.202011040924/tools/bin/../lib/gcc/arm-none-eabi/9.3.1/../../../../arm-none-eabi/lib/thumb/v7-m/nofp/crt0.o
LOAD Core/Src/fatfs_sd.o
LOAD Core/Src/liquidcrystal_i2c.o
LOAD Core/Src/main.o
LOAD Core/Src/stm32f1xx_hal_msp.o
LOAD Core/Src/stm32f1xx_hal_timebase_tim.o
LOAD Core/Src/stm32f1xx_it.o
LOAD Core/Src/syscalls.o
LOAD Core/Src/sysmem.o
LOAD Core/Src/system_stm32f1xx.o
LOAD Core/Startup/startup_stm32f103c8tx.o
LOAD Drivers/STM32F1xx_HAL_Driver/Src/stm32f1xx_hal.o
LOAD Drivers/STM32F1xx_HAL_Driver/Src/stm32f1xx_hal_cortex.o
LOAD Drivers/STM32F1xx_HAL_Driver/Src/stm32f1xx_hal_dma.o
LOAD Drivers/STM32F1xx_HAL_Driver/Src/stm32f1xx_hal_exti.o
LOAD Drivers/STM32F1xx_HAL_Driver/Src/stm32f1xx_hal_flash.o
LOAD Drivers/STM32F1xx_HAL_Driver/Src/stm32f1xx_hal_flash_ex.o
LOAD Drivers/STM32F1xx_HAL_Driver/Src/stm32f1xx_hal_gpio.o
LOAD Drivers/STM32F1xx_HAL_Driver/Src/stm32f1xx_hal_gpio_ex.o
LOAD Drivers/STM32F1xx_HAL_Driver/Src/stm32f1xx_hal_i2c.o
LOAD Drivers/STM32F1xx_HAL_Driver/Src/stm32f1xx_hal_pwr.o
LOAD Drivers/STM32F1xx_HAL_Driver/Src/stm32f1xx_hal_rcc.o
LOAD Drivers/STM32F1xx_HAL_Driver/Src/stm32f1xx_hal_rcc_ex.o
LOAD Drivers/STM32F1xx_HAL_Driver/Src/stm32f1xx_hal_spi.o
LOAD Drivers/STM32F1xx_HAL_Driver/Src/stm32f1xx_hal_tim.o
LOAD Drivers/STM32F1xx_HAL_Driver/Src/stm32f1xx_hal_tim_ex.o
LOAD Drivers/STM32F1xx_HAL_Driver/Src/stm32f1xx_hal_uart.o
LOAD FATFS/App/fatfs.o
LOAD FATFS/Target/user_diskio.o
LOAD Middlewares/Third_Party/FatFs/src/diskio.o
LOAD Middlewares/Third_Party/FatFs/src/ff.o
LOAD Middlewares/Third_Party/FatFs/src/ff_gen_drv.o
LOAD Middlewares/Third_Party/FatFs/src/option/syscall.o
LOAD C:\Users\daian\Documents\GitHub_Proyectos\PWMGeneracionMedicion\freertos\Debug\libfreertos.a
START GROUP
LOAD C:\Users\daian\Documents\GitHub_Proyectos\PWMGeneracionMedicion\freertos\Debug\libfreertos.a
END GROUP
START GROUP
LOAD c:/st/stm32cubeide_1.6.1/stm32cubeide/plugins/com.st.stm32cube.ide.mcu.externaltools.gnu-tools-for-stm32.9-2020-q2-update.win32_1.5.0.202011040924/tools/bin/../lib/gcc/arm-none-eabi/9.3.1/../../../../arm-none-eabi/lib/thumb/v7-m/nofp\libc_nano.a
LOAD c:/st/stm32cubeide_1.6.1/stm32cubeide/plugins/com.st.stm32cube.ide.mcu.externaltools.gnu-tools-for-stm32.9-2020-q2-update.win32_1.5.0.202011040924/tools/bin/../lib/gcc/arm-none-eabi/9.3.1/../../../../arm-none-eabi/lib/thumb/v7-m/nofp\libm.a
END GROUP
START GROUP
LOAD c:/st/stm32cubeide_1.6.1/stm32cubeide/plugins/com.st.stm32cube.ide.mcu.externaltools.gnu-tools-for-stm32.9-2020-q2-update.win32_1.5.0.202011040924/tools/bin/../lib/gcc/arm-none-eabi/9.3.1/thumb/v7-m/nofp\libgcc.a
LOAD c:/st/stm32cubeide_1.6.1/stm32cubeide/plugins/com.st.stm32cube.ide.mcu.externaltools.gnu-tools-for-stm32.9-2020-q2-update.win32_1.5.0.202011040924/tools/bin/../lib/gcc/arm-none-eabi/9.3.1/../../../../arm-none-eabi/lib/thumb/v7-m/nofp\libc_nano.a
END GROUP
START GROUP
LOAD c:/st/stm32cubeide_1.6.1/stm32cubeide/plugins/com.st.stm32cube.ide.mcu.externaltools.gnu-tools-for-stm32.9-2020-q2-update.win32_1.5.0.202011040924/tools/bin/../lib/gcc/arm-none-eabi/9.3.1/thumb/v7-m/nofp\libgcc.a
LOAD c:/st/stm32cubeide_1.6.1/stm32cubeide/plugins/com.st.stm32cube.ide.mcu.externaltools.gnu-tools-for-stm32.9-2020-q2-update.win32_1.5.0.202011040924/tools/bin/../lib/gcc/arm-none-eabi/9.3.1/../../../../arm-none-eabi/lib/thumb/v7-m/nofp\libc_nano.a
LOAD c:/st/stm32cubeide_1.6.1/stm32cubeide/plugins/com.st.stm32cube.ide.mcu.externaltools.gnu-tools-for-stm32.9-2020-q2-update.win32_1.5.0.202011040924/tools/bin/../lib/gcc/arm-none-eabi/9.3.1/../../../../arm-none-eabi/lib/thumb/v7-m/nofp\libnosys.a
END GROUP
START GROUP
LOAD c:/st/stm32cubeide_1.6.1/stm32cubeide/plugins/com.st.stm32cube.ide.mcu.externaltools.gnu-tools-for-stm32.9-2020-q2-update.win32_1.5.0.202011040924/tools/bin/../lib/gcc/arm-none-eabi/9.3.1/thumb/v7-m/nofp\libgcc.a
LOAD c:/st/stm32cubeide_1.6.1/stm32cubeide/plugins/com.st.stm32cube.ide.mcu.externaltools.gnu-tools-for-stm32.9-2020-q2-update.win32_1.5.0.202011040924/tools/bin/../lib/gcc/arm-none-eabi/9.3.1/../../../../arm-none-eabi/lib/thumb/v7-m/nofp\libc_nano.a
LOAD c:/st/stm32cubeide_1.6.1/stm32cubeide/plugins/com.st.stm32cube.ide.mcu.externaltools.gnu-tools-for-stm32.9-2020-q2-update.win32_1.5.0.202011040924/tools/bin/../lib/gcc/arm-none-eabi/9.3.1/../../../../arm-none-eabi/lib/thumb/v7-m/nofp\libnosys.a
END GROUP
LOAD c:/st/stm32cubeide_1.6.1/stm32cubeide/plugins/com.st.stm32cube.ide.mcu.externaltools.gnu-tools-for-stm32.9-2020-q2-update.win32_1.5.0.202011040924/tools/bin/../lib/gcc/arm-none-eabi/9.3.1/thumb/v7-m/nofp/crtend.o
LOAD c:/st/stm32cubeide_1.6.1/stm32cubeide/plugins/com.st.stm32cube.ide.mcu.externaltools.gnu-tools-for-stm32.9-2020-q2-update.win32_1.5.0.202011040924/tools/bin/../lib/gcc/arm-none-eabi/9.3.1/thumb/v7-m/nofp/crtn.o
                0x0000000020005000                _estack = (ORIGIN (RAM) + LENGTH (RAM))
                0x0000000000000200                _Min_Heap_Size = 0x200
                0x0000000000000400                _Min_Stack_Size = 0x400

.isr_vector     0x0000000008000000      0x10c
                0x0000000008000000                . = ALIGN (0x4)
 *(.isr_vector)
 .isr_vector    0x0000000008000000      0x10c Core/Startup/startup_stm32f103c8tx.o
                0x0000000008000000                g_pfnVectors
                0x000000000800010c                . = ALIGN (0x4)

.text           0x0000000008000110     0xd884
                0x0000000008000110                . = ALIGN (0x4)
 *(.text)
 .text          0x0000000008000110       0x40 c:/st/stm32cubeide_1.6.1/stm32cubeide/plugins/com.st.stm32cube.ide.mcu.externaltools.gnu-tools-for-stm32.9-2020-q2-update.win32_1.5.0.202011040924/tools/bin/../lib/gcc/arm-none-eabi/9.3.1/thumb/v7-m/nofp/crtbegin.o
 .text          0x0000000008000150      0x254 c:/st/stm32cubeide_1.6.1/stm32cubeide/plugins/com.st.stm32cube.ide.mcu.externaltools.gnu-tools-for-stm32.9-2020-q2-update.win32_1.5.0.202011040924/tools/bin/../lib/gcc/arm-none-eabi/9.3.1/thumb/v7-m/nofp\libgcc.a(_arm_muldf3.o)
                0x0000000008000150                __muldf3
                0x0000000008000150                __aeabi_dmul
 .text          0x00000000080003a4      0x378 c:/st/stm32cubeide_1.6.1/stm32cubeide/plugins/com.st.stm32cube.ide.mcu.externaltools.gnu-tools-for-stm32.9-2020-q2-update.win32_1.5.0.202011040924/tools/bin/../lib/gcc/arm-none-eabi/9.3.1/thumb/v7-m/nofp\libgcc.a(_arm_addsubdf3.o)
                0x00000000080003a4                __aeabi_drsub
                0x00000000080003ac                __aeabi_dsub
                0x00000000080003ac                __subdf3
                0x00000000080003b0                __aeabi_dadd
                0x00000000080003b0                __adddf3
                0x0000000008000628                __floatunsidf
                0x0000000008000628                __aeabi_ui2d
                0x0000000008000648                __floatsidf
                0x0000000008000648                __aeabi_i2d
                0x000000000800066c                __aeabi_f2d
                0x000000000800066c                __extendsfdf2
                0x00000000080006b0                __floatundidf
                0x00000000080006b0                __aeabi_ul2d
                0x00000000080006c0                __floatdidf
                0x00000000080006c0                __aeabi_l2d
 .text          0x000000000800071c       0x40 c:/st/stm32cubeide_1.6.1/stm32cubeide/plugins/com.st.stm32cube.ide.mcu.externaltools.gnu-tools-for-stm32.9-2020-q2-update.win32_1.5.0.202011040924/tools/bin/../lib/gcc/arm-none-eabi/9.3.1/thumb/v7-m/nofp\libgcc.a(_arm_fixunsdfsi.o)
                0x000000000800071c                __aeabi_d2uiz
                0x000000000800071c                __fixunsdfsi
 .text          0x000000000800075c      0x21c c:/st/stm32cubeide_1.6.1/stm32cubeide/plugins/com.st.stm32cube.ide.mcu.externaltools.gnu-tools-for-stm32.9-2020-q2-update.win32_1.5.0.202011040924/tools/bin/../lib/gcc/arm-none-eabi/9.3.1/thumb/v7-m/nofp\libgcc.a(_arm_addsubsf3.o)
                0x000000000800075c                __aeabi_frsub
                0x0000000008000764                __subsf3
                0x0000000008000764                __aeabi_fsub
                0x0000000008000768                __aeabi_fadd
                0x0000000008000768                __addsf3
                0x00000000080008c8                __aeabi_ui2f
                0x00000000080008c8                __floatunsisf
                0x00000000080008d0                __aeabi_i2f
                0x00000000080008d0                __floatsisf
                0x00000000080008ec                __aeabi_ul2f
                0x00000000080008ec                __floatundisf
                0x00000000080008fc                __aeabi_l2f
                0x00000000080008fc                __floatdisf
 .text          0x0000000008000978      0x2a0 c:/st/stm32cubeide_1.6.1/stm32cubeide/plugins/com.st.stm32cube.ide.mcu.externaltools.gnu-tools-for-stm32.9-2020-q2-update.win32_1.5.0.202011040924/tools/bin/../lib/gcc/arm-none-eabi/9.3.1/thumb/v7-m/nofp\libgcc.a(_arm_muldivsf3.o)
                0x0000000008000978                __mulsf3
                0x0000000008000978                __aeabi_fmul
                0x0000000008000ae0                __aeabi_fdiv
                0x0000000008000ae0                __divsf3
 .text          0x0000000008000c18       0x4c c:/st/stm32cubeide_1.6.1/stm32cubeide/plugins/com.st.stm32cube.ide.mcu.externaltools.gnu-tools-for-stm32.9-2020-q2-update.win32_1.5.0.202011040924/tools/bin/../lib/gcc/arm-none-eabi/9.3.1/thumb/v7-m/nofp\libgcc.a(_arm_fixsfsi.o)
                0x0000000008000c18                __aeabi_f2iz
                0x0000000008000c18                __fixsfsi
 *(.text*)
 .text.SELECT   0x0000000008000c64       0x18 Core/Src/fatfs_sd.o
 .text.DESELECT
                0x0000000008000c7c       0x18 Core/Src/fatfs_sd.o
 .text.SPI_TxByte
                0x0000000008000c94       0x34 Core/Src/fatfs_sd.o
 .text.SPI_RxByte
                0x0000000008000cc8       0x3c Core/Src/fatfs_sd.o
 .text.SPI_RxBytePtr
                0x0000000008000d04       0x1c Core/Src/fatfs_sd.o
 .text.SD_ReadyWait
                0x0000000008000d20       0x38 Core/Src/fatfs_sd.o
 .text.SD_PowerOn
                0x0000000008000d58       0x98 Core/Src/fatfs_sd.o
 .text.SD_PowerOff
                0x0000000008000df0       0x18 Core/Src/fatfs_sd.o
 .text.SD_CheckPower
                0x0000000008000e08       0x14 Core/Src/fatfs_sd.o
 .text.SD_RxDataBlock
                0x0000000008000e1c       0x6c Core/Src/fatfs_sd.o
 .text.SD_TxDataBlock
                0x0000000008000e88       0xa8 Core/Src/fatfs_sd.o
 .text.SD_SendCmd
                0x0000000008000f30       0xa4 Core/Src/fatfs_sd.o
 .text.SD_disk_initialize
                0x0000000008000fd4      0x1d4 Core/Src/fatfs_sd.o
                0x0000000008000fd4                SD_disk_initialize
 .text.SD_disk_status
                0x00000000080011a8       0x28 Core/Src/fatfs_sd.o
                0x00000000080011a8                SD_disk_status
 .text.SD_disk_read
                0x00000000080011d0       0xd4 Core/Src/fatfs_sd.o
                0x00000000080011d0                SD_disk_read
 .text.SD_disk_write
                0x00000000080012a4      0x108 Core/Src/fatfs_sd.o
                0x00000000080012a4                SD_disk_write
 .text.SD_disk_ioctl
                0x00000000080013ac      0x264 Core/Src/fatfs_sd.o
                0x00000000080013ac                SD_disk_ioctl
 .text.HD44780_Init
                0x0000000008001610      0x108 Core/Src/liquidcrystal_i2c.o
                0x0000000008001610                HD44780_Init
 .text.HD44780_Clear
                0x0000000008001718       0x16 Core/Src/liquidcrystal_i2c.o
                0x0000000008001718                HD44780_Clear
 .text.HD44780_Home
                0x000000000800172e       0x16 Core/Src/liquidcrystal_i2c.o
                0x000000000800172e                HD44780_Home
 .text.HD44780_SetCursor
                0x0000000008001744       0x64 Core/Src/liquidcrystal_i2c.o
                0x0000000008001744                HD44780_SetCursor
 .text.HD44780_Display
                0x00000000080017a8       0x2c Core/Src/liquidcrystal_i2c.o
                0x00000000080017a8                HD44780_Display
 .text.HD44780_CreateSpecialChar
                0x00000000080017d4       0x52 Core/Src/liquidcrystal_i2c.o
                0x00000000080017d4                HD44780_CreateSpecialChar
 .text.HD44780_PrintStr
                0x0000000008001826       0x2a Core/Src/liquidcrystal_i2c.o
                0x0000000008001826                HD44780_PrintStr
 .text.SendCommand
                0x0000000008001850       0x1c Core/Src/liquidcrystal_i2c.o
 .text.SendChar
                0x000000000800186c       0x1c Core/Src/liquidcrystal_i2c.o
 .text.Send     0x0000000008001888       0x42 Core/Src/liquidcrystal_i2c.o
 .text.Write4Bits
                0x00000000080018ca       0x22 Core/Src/liquidcrystal_i2c.o
 .text.ExpanderWrite
                0x00000000080018ec       0x38 Core/Src/liquidcrystal_i2c.o
 .text.PulseEnable
                0x0000000008001924       0x3a Core/Src/liquidcrystal_i2c.o
 *fill*         0x000000000800195e        0x2 
 .text.DelayInit
                0x0000000008001960       0x50 Core/Src/liquidcrystal_i2c.o
 .text.DelayUS  0x00000000080019b0       0x4c Core/Src/liquidcrystal_i2c.o
 .text.HAL_TIM_IC_CaptureCallback
                0x00000000080019fc       0xc0 Core/Src/main.o
                0x00000000080019fc                HAL_TIM_IC_CaptureCallback
 .text.HAL_UART_RxCpltCallback
                0x0000000008001abc       0xb0 Core/Src/main.o
                0x0000000008001abc                HAL_UART_RxCpltCallback
 .text.LCDTask  0x0000000008001b6c      0x158 Core/Src/main.o
 .text.MFDTask  0x0000000008001cc4       0xd0 Core/Src/main.o
 .text.PWMTask  0x0000000008001d94       0xf0 Core/Src/main.o
 .text.DMFDTask
                0x0000000008001e84        0xa Core/Src/main.o
 *fill*         0x0000000008001e8e        0x2 
 .text.ReadUART1Task
                0x0000000008001e90       0xc8 Core/Src/main.o
 .text.SDTask   0x0000000008001f58      0x114 Core/Src/main.o
 .text.DSDTask  0x000000000800206c       0x84 Core/Src/main.o
 .text.main     0x00000000080020f0      0x250 Core/Src/main.o
                0x00000000080020f0                main
 .text.SystemClock_Config
                0x0000000008002340       0x8a Core/Src/main.o
                0x0000000008002340                SystemClock_Config
 *fill*         0x00000000080023ca        0x2 
 .text.MX_I2C1_Init
                0x00000000080023cc       0x5c Core/Src/main.o
 .text.MX_SPI1_Init
                0x0000000008002428       0x6c Core/Src/main.o
 .text.MX_TIM1_Init
                0x0000000008002494      0x140 Core/Src/main.o
 .text.MX_TIM2_Init
                0x00000000080025d4      0x100 Core/Src/main.o
 .text.MX_USART1_UART_Init
                0x00000000080026d4       0x54 Core/Src/main.o
 .text.MX_GPIO_Init
                0x0000000008002728       0xc0 Core/Src/main.o
 .text.HAL_TIM_PeriodElapsedCallback
                0x00000000080027e8       0x24 Core/Src/main.o
                0x00000000080027e8                HAL_TIM_PeriodElapsedCallback
 .text.Error_Handler
                0x000000000800280c        0xa Core/Src/main.o
                0x000000000800280c                Error_Handler
 *fill*         0x0000000008002816        0x2 
 .text.HAL_MspInit
                0x0000000008002818       0x64 Core/Src/stm32f1xx_hal_msp.o
                0x0000000008002818                HAL_MspInit
 .text.HAL_I2C_MspInit
                0x000000000800287c       0x7c Core/Src/stm32f1xx_hal_msp.o
                0x000000000800287c                HAL_I2C_MspInit
 .text.HAL_SPI_MspInit
                0x00000000080028f8       0x94 Core/Src/stm32f1xx_hal_msp.o
                0x00000000080028f8                HAL_SPI_MspInit
 .text.HAL_TIM_Base_MspInit
                0x000000000800298c       0x3c Core/Src/stm32f1xx_hal_msp.o
                0x000000000800298c                HAL_TIM_Base_MspInit
 .text.HAL_TIM_IC_MspInit
                0x00000000080029c8       0x88 Core/Src/stm32f1xx_hal_msp.o
                0x00000000080029c8                HAL_TIM_IC_MspInit
 .text.HAL_TIM_MspPostInit
                0x0000000008002a50       0x68 Core/Src/stm32f1xx_hal_msp.o
                0x0000000008002a50                HAL_TIM_MspPostInit
 .text.HAL_UART_MspInit
                0x0000000008002ab8       0xa8 Core/Src/stm32f1xx_hal_msp.o
                0x0000000008002ab8                HAL_UART_MspInit
 .text.HAL_InitTick
                0x0000000008002b60       0xb0 Core/Src/stm32f1xx_hal_timebase_tim.o
                0x0000000008002b60                HAL_InitTick
 .text.NMI_Handler
                0x0000000008002c10        0x6 Core/Src/stm32f1xx_it.o
                0x0000000008002c10                NMI_Handler
 .text.HardFault_Handler
                0x0000000008002c16        0x6 Core/Src/stm32f1xx_it.o
                0x0000000008002c16                HardFault_Handler
 .text.MemManage_Handler
                0x0000000008002c1c        0x6 Core/Src/stm32f1xx_it.o
                0x0000000008002c1c                MemManage_Handler
 .text.BusFault_Handler
                0x0000000008002c22        0x6 Core/Src/stm32f1xx_it.o
                0x0000000008002c22                BusFault_Handler
 .text.UsageFault_Handler
                0x0000000008002c28        0x6 Core/Src/stm32f1xx_it.o
                0x0000000008002c28                UsageFault_Handler
 .text.DebugMon_Handler
                0x0000000008002c2e        0xc Core/Src/stm32f1xx_it.o
                0x0000000008002c2e                DebugMon_Handler
 *fill*         0x0000000008002c3a        0x2 
 .text.TIM2_IRQHandler
                0x0000000008002c3c       0x14 Core/Src/stm32f1xx_it.o
                0x0000000008002c3c                TIM2_IRQHandler
 .text.TIM3_IRQHandler
                0x0000000008002c50       0x14 Core/Src/stm32f1xx_it.o
                0x0000000008002c50                TIM3_IRQHandler
 .text.USART1_IRQHandler
                0x0000000008002c64       0x14 Core/Src/stm32f1xx_it.o
                0x0000000008002c64                USART1_IRQHandler
 .text._sbrk    0x0000000008002c78       0x6c Core/Src/sysmem.o
                0x0000000008002c78                _sbrk
 .text.SystemInit
                0x0000000008002ce4        0xc Core/Src/system_stm32f1xx.o
                0x0000000008002ce4                SystemInit
 .text.Reset_Handler
                0x0000000008002cf0       0x48 Core/Startup/startup_stm32f103c8tx.o
                0x0000000008002cf0                Reset_Handler
 .text.Default_Handler
                0x0000000008002d38        0x2 Core/Startup/startup_stm32f103c8tx.o
                0x0000000008002d38                RTC_Alarm_IRQHandler
                0x0000000008002d38                EXTI2_IRQHandler
                0x0000000008002d38                TIM1_CC_IRQHandler
                0x0000000008002d38                PVD_IRQHandler
                0x0000000008002d38                EXTI3_IRQHandler
                0x0000000008002d38                EXTI0_IRQHandler
                0x0000000008002d38                I2C2_EV_IRQHandler
                0x0000000008002d38                ADC1_2_IRQHandler
                0x0000000008002d38                SPI1_IRQHandler
                0x0000000008002d38                TAMPER_IRQHandler
                0x0000000008002d38                DMA1_Channel4_IRQHandler
                0x0000000008002d38                USART3_IRQHandler
                0x0000000008002d38                RTC_IRQHandler
                0x0000000008002d38                DMA1_Channel7_IRQHandler
                0x0000000008002d38                CAN1_RX1_IRQHandler
                0x0000000008002d38                TIM4_IRQHandler
                0x0000000008002d38                I2C1_EV_IRQHandler
                0x0000000008002d38                DMA1_Channel6_IRQHandler
                0x0000000008002d38                RCC_IRQHandler
                0x0000000008002d38                TIM1_TRG_COM_IRQHandler
                0x0000000008002d38                DMA1_Channel1_IRQHandler
                0x0000000008002d38                Default_Handler
                0x0000000008002d38                EXTI15_10_IRQHandler
                0x0000000008002d38                EXTI9_5_IRQHandler
                0x0000000008002d38                SPI2_IRQHandler
                0x0000000008002d38                DMA1_Channel5_IRQHandler
                0x0000000008002d38                EXTI4_IRQHandler
                0x0000000008002d38                USB_LP_CAN1_RX0_IRQHandler
                0x0000000008002d38                USB_HP_CAN1_TX_IRQHandler
                0x0000000008002d38                DMA1_Channel3_IRQHandler
                0x0000000008002d38                TIM1_UP_IRQHandler
                0x0000000008002d38                WWDG_IRQHandler
                0x0000000008002d38                TIM1_BRK_IRQHandler
                0x0000000008002d38                EXTI1_IRQHandler
                0x0000000008002d38                USART2_IRQHandler
                0x0000000008002d38                I2C2_ER_IRQHandler
                0x0000000008002d38                DMA1_Channel2_IRQHandler
                0x0000000008002d38                CAN1_SCE_IRQHandler
                0x0000000008002d38                FLASH_IRQHandler
                0x0000000008002d38                I2C1_ER_IRQHandler
                0x0000000008002d38                USBWakeUp_IRQHandler
 *fill*         0x0000000008002d3a        0x2 
 .text.HAL_Init
                0x0000000008002d3c       0x2c Drivers/STM32F1xx_HAL_Driver/Src/stm32f1xx_hal.o
                0x0000000008002d3c                HAL_Init
 .text.HAL_IncTick
                0x0000000008002d68       0x24 Drivers/STM32F1xx_HAL_Driver/Src/stm32f1xx_hal.o
                0x0000000008002d68                HAL_IncTick
 .text.HAL_GetTick
                0x0000000008002d8c       0x14 Drivers/STM32F1xx_HAL_Driver/Src/stm32f1xx_hal.o
                0x0000000008002d8c                HAL_GetTick
 .text.HAL_Delay
                0x0000000008002da0       0x48 Drivers/STM32F1xx_HAL_Driver/Src/stm32f1xx_hal.o
                0x0000000008002da0                HAL_Delay
 .text.__NVIC_SetPriorityGrouping
                0x0000000008002de8       0x48 Drivers/STM32F1xx_HAL_Driver/Src/stm32f1xx_hal_cortex.o
 .text.__NVIC_GetPriorityGrouping
                0x0000000008002e30       0x1c Drivers/STM32F1xx_HAL_Driver/Src/stm32f1xx_hal_cortex.o
 .text.__NVIC_EnableIRQ
                0x0000000008002e4c       0x38 Drivers/STM32F1xx_HAL_Driver/Src/stm32f1xx_hal_cortex.o
 .text.__NVIC_SetPriority
                0x0000000008002e84       0x54 Drivers/STM32F1xx_HAL_Driver/Src/stm32f1xx_hal_cortex.o
 .text.NVIC_EncodePriority
                0x0000000008002ed8       0x64 Drivers/STM32F1xx_HAL_Driver/Src/stm32f1xx_hal_cortex.o
 .text.HAL_NVIC_SetPriorityGrouping
                0x0000000008002f3c       0x16 Drivers/STM32F1xx_HAL_Driver/Src/stm32f1xx_hal_cortex.o
                0x0000000008002f3c                HAL_NVIC_SetPriorityGrouping
 .text.HAL_NVIC_SetPriority
                0x0000000008002f52       0x38 Drivers/STM32F1xx_HAL_Driver/Src/stm32f1xx_hal_cortex.o
                0x0000000008002f52                HAL_NVIC_SetPriority
 .text.HAL_NVIC_EnableIRQ
                0x0000000008002f8a       0x1c Drivers/STM32F1xx_HAL_Driver/Src/stm32f1xx_hal_cortex.o
                0x0000000008002f8a                HAL_NVIC_EnableIRQ
 .text.HAL_DMA_Abort
                0x0000000008002fa6       0x76 Drivers/STM32F1xx_HAL_Driver/Src/stm32f1xx_hal_dma.o
                0x0000000008002fa6                HAL_DMA_Abort
 .text.HAL_DMA_Abort_IT
                0x000000000800301c       0xf0 Drivers/STM32F1xx_HAL_Driver/Src/stm32f1xx_hal_dma.o
                0x000000000800301c                HAL_DMA_Abort_IT
 .text.HAL_GPIO_Init
                0x000000000800310c      0x308 Drivers/STM32F1xx_HAL_Driver/Src/stm32f1xx_hal_gpio.o
                0x000000000800310c                HAL_GPIO_Init
 .text.HAL_GPIO_WritePin
                0x0000000008003414       0x30 Drivers/STM32F1xx_HAL_Driver/Src/stm32f1xx_hal_gpio.o
                0x0000000008003414                HAL_GPIO_WritePin
 .text.HAL_GPIO_TogglePin
                0x0000000008003444       0x32 Drivers/STM32F1xx_HAL_Driver/Src/stm32f1xx_hal_gpio.o
                0x0000000008003444                HAL_GPIO_TogglePin
 *fill*         0x0000000008003476        0x2 
 .text.HAL_I2C_Init
                0x0000000008003478      0x288 Drivers/STM32F1xx_HAL_Driver/Src/stm32f1xx_hal_i2c.o
                0x0000000008003478                HAL_I2C_Init
 .text.HAL_I2C_Master_Transmit
                0x0000000008003700      0x1fc Drivers/STM32F1xx_HAL_Driver/Src/stm32f1xx_hal_i2c.o
                0x0000000008003700                HAL_I2C_Master_Transmit
 .text.I2C_MasterRequestWrite
                0x00000000080038fc      0x104 Drivers/STM32F1xx_HAL_Driver/Src/stm32f1xx_hal_i2c.o
 .text.I2C_WaitOnFlagUntilTimeout
                0x0000000008003a00       0xf4 Drivers/STM32F1xx_HAL_Driver/Src/stm32f1xx_hal_i2c.o
 .text.I2C_WaitOnMasterAddressFlagUntilTimeout
                0x0000000008003af4      0x140 Drivers/STM32F1xx_HAL_Driver/Src/stm32f1xx_hal_i2c.o
 .text.I2C_WaitOnTXEFlagUntilTimeout
                0x0000000008003c34       0x90 Drivers/STM32F1xx_HAL_Driver/Src/stm32f1xx_hal_i2c.o
 .text.I2C_WaitOnBTFFlagUntilTimeout
                0x0000000008003cc4       0x90 Drivers/STM32F1xx_HAL_Driver/Src/stm32f1xx_hal_i2c.o
 .text.I2C_IsAcknowledgeFailed
                0x0000000008003d54       0x5c Drivers/STM32F1xx_HAL_Driver/Src/stm32f1xx_hal_i2c.o
 .text.HAL_RCC_OscConfig
                0x0000000008003db0      0x500 Drivers/STM32F1xx_HAL_Driver/Src/stm32f1xx_hal_rcc.o
                0x0000000008003db0                HAL_RCC_OscConfig
 .text.HAL_RCC_ClockConfig
                0x00000000080042b0      0x1d4 Drivers/STM32F1xx_HAL_Driver/Src/stm32f1xx_hal_rcc.o
                0x00000000080042b0                HAL_RCC_ClockConfig
 .text.HAL_RCC_GetSysClockFreq
                0x0000000008004484       0xa8 Drivers/STM32F1xx_HAL_Driver/Src/stm32f1xx_hal_rcc.o
                0x0000000008004484                HAL_RCC_GetSysClockFreq
 .text.HAL_RCC_GetHCLKFreq
                0x000000000800452c       0x14 Drivers/STM32F1xx_HAL_Driver/Src/stm32f1xx_hal_rcc.o
                0x000000000800452c                HAL_RCC_GetHCLKFreq
 .text.HAL_RCC_GetPCLK1Freq
                0x0000000008004540       0x28 Drivers/STM32F1xx_HAL_Driver/Src/stm32f1xx_hal_rcc.o
                0x0000000008004540                HAL_RCC_GetPCLK1Freq
 .text.HAL_RCC_GetPCLK2Freq
                0x0000000008004568       0x28 Drivers/STM32F1xx_HAL_Driver/Src/stm32f1xx_hal_rcc.o
                0x0000000008004568                HAL_RCC_GetPCLK2Freq
 .text.HAL_RCC_GetClockConfig
                0x0000000008004590       0x60 Drivers/STM32F1xx_HAL_Driver/Src/stm32f1xx_hal_rcc.o
                0x0000000008004590                HAL_RCC_GetClockConfig
 .text.RCC_Delay
                0x00000000080045f0       0x3c Drivers/STM32F1xx_HAL_Driver/Src/stm32f1xx_hal_rcc.o
 .text.HAL_SPI_Init
                0x000000000800462c      0x108 Drivers/STM32F1xx_HAL_Driver/Src/stm32f1xx_hal_spi.o
                0x000000000800462c                HAL_SPI_Init
 .text.HAL_SPI_Transmit
                0x0000000008004734      0x286 Drivers/STM32F1xx_HAL_Driver/Src/stm32f1xx_hal_spi.o
                0x0000000008004734                HAL_SPI_Transmit
 .text.HAL_SPI_TransmitReceive
                0x00000000080049ba      0x360 Drivers/STM32F1xx_HAL_Driver/Src/stm32f1xx_hal_spi.o
                0x00000000080049ba                HAL_SPI_TransmitReceive
 .text.HAL_SPI_GetState
                0x0000000008004d1a       0x1a Drivers/STM32F1xx_HAL_Driver/Src/stm32f1xx_hal_spi.o
                0x0000000008004d1a                HAL_SPI_GetState
 .text.SPI_WaitFlagStateUntilTimeout
                0x0000000008004d34      0x110 Drivers/STM32F1xx_HAL_Driver/Src/stm32f1xx_hal_spi.o
 .text.SPI_EndRxTxTransaction
                0x0000000008004e44       0x3c Drivers/STM32F1xx_HAL_Driver/Src/stm32f1xx_hal_spi.o
 .text.HAL_TIM_Base_Init
                0x0000000008004e80       0x9e Drivers/STM32F1xx_HAL_Driver/Src/stm32f1xx_hal_tim.o
                0x0000000008004e80                HAL_TIM_Base_Init
 *fill*         0x0000000008004f1e        0x2 
 .text.HAL_TIM_Base_Start_IT
                0x0000000008004f20       0xa4 Drivers/STM32F1xx_HAL_Driver/Src/stm32f1xx_hal_tim.o
                0x0000000008004f20                HAL_TIM_Base_Start_IT
 .text.HAL_TIM_PWM_Init
                0x0000000008004fc4       0x9e Drivers/STM32F1xx_HAL_Driver/Src/stm32f1xx_hal_tim.o
                0x0000000008004fc4                HAL_TIM_PWM_Init
 .text.HAL_TIM_PWM_MspInit
                0x0000000008005062       0x12 Drivers/STM32F1xx_HAL_Driver/Src/stm32f1xx_hal_tim.o
                0x0000000008005062                HAL_TIM_PWM_MspInit
 .text.HAL_TIM_PWM_Start
                0x0000000008005074      0x144 Drivers/STM32F1xx_HAL_Driver/Src/stm32f1xx_hal_tim.o
                0x0000000008005074                HAL_TIM_PWM_Start
 .text.HAL_TIM_IC_Init
                0x00000000080051b8       0x9e Drivers/STM32F1xx_HAL_Driver/Src/stm32f1xx_hal_tim.o
                0x00000000080051b8                HAL_TIM_IC_Init
 *fill*         0x0000000008005256        0x2 
 .text.HAL_TIM_IC_Start
                0x0000000008005258      0x180 Drivers/STM32F1xx_HAL_Driver/Src/stm32f1xx_hal_tim.o
                0x0000000008005258                HAL_TIM_IC_Start
 .text.HAL_TIM_IC_Stop
                0x00000000080053d8       0xc2 Drivers/STM32F1xx_HAL_Driver/Src/stm32f1xx_hal_tim.o
                0x00000000080053d8                HAL_TIM_IC_Stop
 *fill*         0x000000000800549a        0x2 
 .text.HAL_TIM_IC_Start_IT
                0x000000000800549c      0x218 Drivers/STM32F1xx_HAL_Driver/Src/stm32f1xx_hal_tim.o
                0x000000000800549c                HAL_TIM_IC_Start_IT
 .text.HAL_TIM_IC_Stop_IT
                0x00000000080056b4      0x15c Drivers/STM32F1xx_HAL_Driver/Src/stm32f1xx_hal_tim.o
                0x00000000080056b4                HAL_TIM_IC_Stop_IT
 .text.HAL_TIM_IRQHandler
                0x0000000008005810      0x210 Drivers/STM32F1xx_HAL_Driver/Src/stm32f1xx_hal_tim.o
                0x0000000008005810                HAL_TIM_IRQHandler
 .text.HAL_TIM_IC_ConfigChannel
                0x0000000008005a20      0x138 Drivers/STM32F1xx_HAL_Driver/Src/stm32f1xx_hal_tim.o
                0x0000000008005a20                HAL_TIM_IC_ConfigChannel
 .text.HAL_TIM_PWM_ConfigChannel
                0x0000000008005b58      0x184 Drivers/STM32F1xx_HAL_Driver/Src/stm32f1xx_hal_tim.o
                0x0000000008005b58                HAL_TIM_PWM_ConfigChannel
 .text.HAL_TIM_ConfigClockSource
                0x0000000008005cdc      0x18e Drivers/STM32F1xx_HAL_Driver/Src/stm32f1xx_hal_tim.o
                0x0000000008005cdc                HAL_TIM_ConfigClockSource
 .text.HAL_TIM_SlaveConfigSynchro
                0x0000000008005e6a       0x84 Drivers/STM32F1xx_HAL_Driver/Src/stm32f1xx_hal_tim.o
                0x0000000008005e6a                HAL_TIM_SlaveConfigSynchro
 *fill*         0x0000000008005eee        0x2 
 .text.HAL_TIM_ReadCapturedValue
                0x0000000008005ef0       0x88 Drivers/STM32F1xx_HAL_Driver/Src/stm32f1xx_hal_tim.o
                0x0000000008005ef0                HAL_TIM_ReadCapturedValue
 .text.HAL_TIM_OC_DelayElapsedCallback
                0x0000000008005f78       0x12 Drivers/STM32F1xx_HAL_Driver/Src/stm32f1xx_hal_tim.o
                0x0000000008005f78                HAL_TIM_OC_DelayElapsedCallback
 .text.HAL_TIM_PWM_PulseFinishedCallback
                0x0000000008005f8a       0x12 Drivers/STM32F1xx_HAL_Driver/Src/stm32f1xx_hal_tim.o
                0x0000000008005f8a                HAL_TIM_PWM_PulseFinishedCallback
 .text.HAL_TIM_TriggerCallback
                0x0000000008005f9c       0x12 Drivers/STM32F1xx_HAL_Driver/Src/stm32f1xx_hal_tim.o
                0x0000000008005f9c                HAL_TIM_TriggerCallback
 *fill*         0x0000000008005fae        0x2 
 .text.TIM_Base_SetConfig
                0x0000000008005fb0       0xc4 Drivers/STM32F1xx_HAL_Driver/Src/stm32f1xx_hal_tim.o
                0x0000000008005fb0                TIM_Base_SetConfig
 .text.TIM_OC1_SetConfig
                0x0000000008006074       0xcc Drivers/STM32F1xx_HAL_Driver/Src/stm32f1xx_hal_tim.o
 .text.TIM_OC2_SetConfig
                0x0000000008006140       0xd4 Drivers/STM32F1xx_HAL_Driver/Src/stm32f1xx_hal_tim.o
                0x0000000008006140                TIM_OC2_SetConfig
 .text.TIM_OC3_SetConfig
                0x0000000008006214       0xd4 Drivers/STM32F1xx_HAL_Driver/Src/stm32f1xx_hal_tim.o
 .text.TIM_OC4_SetConfig
                0x00000000080062e8       0x9c Drivers/STM32F1xx_HAL_Driver/Src/stm32f1xx_hal_tim.o
 .text.TIM_SlaveTimer_SetConfig
                0x0000000008006384      0x122 Drivers/STM32F1xx_HAL_Driver/Src/stm32f1xx_hal_tim.o
 *fill*         0x00000000080064a6        0x2 
 .text.TIM_TI1_SetConfig
                0x00000000080064a8       0xb4 Drivers/STM32F1xx_HAL_Driver/Src/stm32f1xx_hal_tim.o
                0x00000000080064a8                TIM_TI1_SetConfig
 .text.TIM_TI1_ConfigInputStage
                0x000000000800655c       0x5c Drivers/STM32F1xx_HAL_Driver/Src/stm32f1xx_hal_tim.o
 .text.TIM_TI2_SetConfig
                0x00000000080065b8       0x78 Drivers/STM32F1xx_HAL_Driver/Src/stm32f1xx_hal_tim.o
 .text.TIM_TI2_ConfigInputStage
                0x0000000008006630       0x5e Drivers/STM32F1xx_HAL_Driver/Src/stm32f1xx_hal_tim.o
 .text.TIM_TI3_SetConfig
                0x000000000800668e       0x76 Drivers/STM32F1xx_HAL_Driver/Src/stm32f1xx_hal_tim.o
 .text.TIM_TI4_SetConfig
                0x0000000008006704       0x78 Drivers/STM32F1xx_HAL_Driver/Src/stm32f1xx_hal_tim.o
 .text.TIM_ITRx_SetConfig
                0x000000000800677c       0x34 Drivers/STM32F1xx_HAL_Driver/Src/stm32f1xx_hal_tim.o
 .text.TIM_ETR_SetConfig
                0x00000000080067b0       0x3e Drivers/STM32F1xx_HAL_Driver/Src/stm32f1xx_hal_tim.o
                0x00000000080067b0                TIM_ETR_SetConfig
 .text.TIM_CCxChannelCmd
                0x00000000080067ee       0x48 Drivers/STM32F1xx_HAL_Driver/Src/stm32f1xx_hal_tim.o
                0x00000000080067ee                TIM_CCxChannelCmd
 *fill*         0x0000000008006836        0x2 
 .text.HAL_TIMEx_MasterConfigSynchronization
                0x0000000008006838       0xbc Drivers/STM32F1xx_HAL_Driver/Src/stm32f1xx_hal_tim_ex.o
                0x0000000008006838                HAL_TIMEx_MasterConfigSynchronization
 .text.HAL_TIMEx_ConfigBreakDeadTime
                0x00000000080068f4       0xa2 Drivers/STM32F1xx_HAL_Driver/Src/stm32f1xx_hal_tim_ex.o
                0x00000000080068f4                HAL_TIMEx_ConfigBreakDeadTime
 .text.HAL_TIMEx_CommutCallback
                0x0000000008006996       0x12 Drivers/STM32F1xx_HAL_Driver/Src/stm32f1xx_hal_tim_ex.o
                0x0000000008006996                HAL_TIMEx_CommutCallback
 .text.HAL_TIMEx_BreakCallback
                0x00000000080069a8       0x12 Drivers/STM32F1xx_HAL_Driver/Src/stm32f1xx_hal_tim_ex.o
                0x00000000080069a8                HAL_TIMEx_BreakCallback
 .text.HAL_UART_Init
                0x00000000080069ba       0xa0 Drivers/STM32F1xx_HAL_Driver/Src/stm32f1xx_hal_uart.o
                0x00000000080069ba                HAL_UART_Init
 .text.HAL_UART_Receive_IT
                0x0000000008006a5a       0x4a Drivers/STM32F1xx_HAL_Driver/Src/stm32f1xx_hal_uart.o
                0x0000000008006a5a                HAL_UART_Receive_IT
 .text.HAL_UART_IRQHandler
                0x0000000008006aa4      0x524 Drivers/STM32F1xx_HAL_Driver/Src/stm32f1xx_hal_uart.o
                0x0000000008006aa4                HAL_UART_IRQHandler
 .text.HAL_UART_TxCpltCallback
                0x0000000008006fc8       0x12 Drivers/STM32F1xx_HAL_Driver/Src/stm32f1xx_hal_uart.o
                0x0000000008006fc8                HAL_UART_TxCpltCallback
 .text.HAL_UART_ErrorCallback
                0x0000000008006fda       0x12 Drivers/STM32F1xx_HAL_Driver/Src/stm32f1xx_hal_uart.o
                0x0000000008006fda                HAL_UART_ErrorCallback
 .text.HAL_UARTEx_RxEventCallback
                0x0000000008006fec       0x16 Drivers/STM32F1xx_HAL_Driver/Src/stm32f1xx_hal_uart.o
                0x0000000008006fec                HAL_UARTEx_RxEventCallback
 .text.UART_Start_Receive_IT
                0x0000000008007002       0x72 Drivers/STM32F1xx_HAL_Driver/Src/stm32f1xx_hal_uart.o
                0x0000000008007002                UART_Start_Receive_IT
 .text.UART_EndRxTransfer
                0x0000000008007074       0xc4 Drivers/STM32F1xx_HAL_Driver/Src/stm32f1xx_hal_uart.o
 .text.UART_DMAAbortOnError
                0x0000000008007138       0x28 Drivers/STM32F1xx_HAL_Driver/Src/stm32f1xx_hal_uart.o
 .text.UART_Transmit_IT
                0x0000000008007160       0x9e Drivers/STM32F1xx_HAL_Driver/Src/stm32f1xx_hal_uart.o
 .text.UART_EndTransmit_IT
                0x00000000080071fe       0x30 Drivers/STM32F1xx_HAL_Driver/Src/stm32f1xx_hal_uart.o
 .text.UART_Receive_IT
                0x000000000800722e      0x17c Drivers/STM32F1xx_HAL_Driver/Src/stm32f1xx_hal_uart.o
 *fill*         0x00000000080073aa        0x2 
 .text.UART_SetConfig
                0x00000000080073ac      0x11c Drivers/STM32F1xx_HAL_Driver/Src/stm32f1xx_hal_uart.o
 .text.MX_FATFS_Init
                0x00000000080074c8       0x24 FATFS/App/fatfs.o
                0x00000000080074c8                MX_FATFS_Init
 .text.get_fattime
                0x00000000080074ec        0xe FATFS/App/fatfs.o
                0x00000000080074ec                get_fattime
 *fill*         0x00000000080074fa        0x2 
 .text.USER_initialize
                0x00000000080074fc       0x2c FATFS/Target/user_diskio.o
                0x00000000080074fc                USER_initialize
 .text.USER_status
                0x0000000008007528       0x1c FATFS/Target/user_diskio.o
                0x0000000008007528                USER_status
 .text.USER_read
                0x0000000008007544       0x26 FATFS/Target/user_diskio.o
                0x0000000008007544                USER_read
 .text.USER_write
                0x000000000800756a       0x26 FATFS/Target/user_diskio.o
                0x000000000800756a                USER_write
 .text.USER_ioctl
                0x0000000008007590       0x26 FATFS/Target/user_diskio.o
                0x0000000008007590                USER_ioctl
 *fill*         0x00000000080075b6        0x2 
 .text.disk_status
                0x00000000080075b8       0x34 Middlewares/Third_Party/FatFs/src/diskio.o
                0x00000000080075b8                disk_status
 .text.disk_initialize
                0x00000000080075ec       0x4c Middlewares/Third_Party/FatFs/src/diskio.o
                0x00000000080075ec                disk_initialize
 .text.disk_read
                0x0000000008007638       0x40 Middlewares/Third_Party/FatFs/src/diskio.o
                0x0000000008007638                disk_read
 .text.disk_write
                0x0000000008007678       0x40 Middlewares/Third_Party/FatFs/src/diskio.o
                0x0000000008007678                disk_write
 .text.disk_ioctl
                0x00000000080076b8       0x3c Middlewares/Third_Party/FatFs/src/diskio.o
                0x00000000080076b8                disk_ioctl
 .text.mem_cpy  0x00000000080076f4       0x3c Middlewares/Third_Party/FatFs/src/ff.o
 .text.mem_set  0x0000000008007730       0x34 Middlewares/Third_Party/FatFs/src/ff.o
 .text.mem_cmp  0x0000000008007764       0x4c Middlewares/Third_Party/FatFs/src/ff.o
 .text.chk_chr  0x00000000080077b0       0x34 Middlewares/Third_Party/FatFs/src/ff.o
 .text.chk_lock
                0x00000000080077e4       0xd8 Middlewares/Third_Party/FatFs/src/ff.o
 .text.enq_lock
                0x00000000080078bc       0x48 Middlewares/Third_Party/FatFs/src/ff.o
 .text.inc_lock
                0x0000000008007904      0x16c Middlewares/Third_Party/FatFs/src/ff.o
 .text.dec_lock
                0x0000000008007a70       0x88 Middlewares/Third_Party/FatFs/src/ff.o
 .text.clear_lock
                0x0000000008007af8       0x54 Middlewares/Third_Party/FatFs/src/ff.o
 .text.sync_window
                0x0000000008007b4c       0x92 Middlewares/Third_Party/FatFs/src/ff.o
 .text.move_window
                0x0000000008007bde       0x5c Middlewares/Third_Party/FatFs/src/ff.o
 .text.sync_fs  0x0000000008007c3a      0x15a Middlewares/Third_Party/FatFs/src/ff.o
 .text.clust2sect
                0x0000000008007d94       0x42 Middlewares/Third_Party/FatFs/src/ff.o
                0x0000000008007d94                clust2sect
 .text.get_fat  0x0000000008007dd6      0x174 Middlewares/Third_Party/FatFs/src/ff.o
                0x0000000008007dd6                get_fat
 .text.put_fat  0x0000000008007f4a      0x21c Middlewares/Third_Party/FatFs/src/ff.o
                0x0000000008007f4a                put_fat
 .text.remove_chain
                0x0000000008008166       0xb4 Middlewares/Third_Party/FatFs/src/ff.o
 .text.create_chain
                0x000000000800821a      0x13a Middlewares/Third_Party/FatFs/src/ff.o
 .text.clmt_clust
                0x0000000008008354       0x68 Middlewares/Third_Party/FatFs/src/ff.o
 .text.dir_sdi  0x00000000080083bc      0x128 Middlewares/Third_Party/FatFs/src/ff.o
 .text.dir_next
                0x00000000080084e4      0x1ee Middlewares/Third_Party/FatFs/src/ff.o
 .text.dir_alloc
                0x00000000080086d2       0x94 Middlewares/Third_Party/FatFs/src/ff.o
 .text.ld_clust
                0x0000000008008766       0x5a Middlewares/Third_Party/FatFs/src/ff.o
 .text.st_clust
                0x00000000080087c0       0x4c Middlewares/Third_Party/FatFs/src/ff.o
 .text.dir_find
                0x000000000800880c       0x9e Middlewares/Third_Party/FatFs/src/ff.o
 .text.dir_register
                0x00000000080088aa       0x72 Middlewares/Third_Party/FatFs/src/ff.o
 .text.create_name
                0x000000000800891c      0x180 Middlewares/Third_Party/FatFs/src/ff.o
 .text.follow_path
                0x0000000008008a9c       0xdc Middlewares/Third_Party/FatFs/src/ff.o
 .text.get_ldnumber
                0x0000000008008b78       0x86 Middlewares/Third_Party/FatFs/src/ff.o
 *fill*         0x0000000008008bfe        0x2 
 .text.check_fs
                0x0000000008008c00       0xd4 Middlewares/Third_Party/FatFs/src/ff.o
 .text.find_volume
                0x0000000008008cd4      0x594 Middlewares/Third_Party/FatFs/src/ff.o
 .text.validate
                0x0000000008009268       0x66 Middlewares/Third_Party/FatFs/src/ff.o
 *fill*         0x00000000080092ce        0x2 
 .text.f_mount  0x00000000080092d0       0x90 Middlewares/Third_Party/FatFs/src/ff.o
                0x00000000080092d0                f_mount
 .text.f_open   0x0000000008009360      0x416 Middlewares/Third_Party/FatFs/src/ff.o
                0x0000000008009360                f_open
 .text.f_write  0x0000000008009776      0x35a Middlewares/Third_Party/FatFs/src/ff.o
                0x0000000008009776                f_write
 .text.f_sync   0x0000000008009ad0      0x174 Middlewares/Third_Party/FatFs/src/ff.o
                0x0000000008009ad0                f_sync
 .text.f_close  0x0000000008009c44       0x50 Middlewares/Third_Party/FatFs/src/ff.o
                0x0000000008009c44                f_close
 .text.f_getfree
                0x0000000008009c94      0x19a Middlewares/Third_Party/FatFs/src/ff.o
                0x0000000008009c94                f_getfree
 .text.putc_bfd
                0x0000000008009e2e       0x7a Middlewares/Third_Party/FatFs/src/ff.o
 .text.f_puts   0x0000000008009ea8       0x72 Middlewares/Third_Party/FatFs/src/ff.o
                0x0000000008009ea8                f_puts
 *fill*         0x0000000008009f1a        0x2 
 .text.FATFS_LinkDriverEx
                0x0000000008009f1c       0x94 Middlewares/Third_Party/FatFs/src/ff_gen_drv.o
                0x0000000008009f1c                FATFS_LinkDriverEx
 .text.FATFS_LinkDriver
                0x0000000008009fb0       0x1e Middlewares/Third_Party/FatFs/src/ff_gen_drv.o
                0x0000000008009fb0                FATFS_LinkDriver
 *fill*         0x0000000008009fce        0x2 
 .text.xQueueGenericReset
                0x0000000008009fd0      0x120 C:\Users\daian\Documents\GitHub_Proyectos\PWMGeneracionMedicion\freertos\Debug\libfreertos.a(queue.o)
                0x0000000008009fd0                xQueueGenericReset
 .text.xQueueGenericCreate
                0x000000000800a0f0       0x9c C:\Users\daian\Documents\GitHub_Proyectos\PWMGeneracionMedicion\freertos\Debug\libfreertos.a(queue.o)
                0x000000000800a0f0                xQueueGenericCreate
 .text.prvInitialiseNewQueue
                0x000000000800a18c       0x46 C:\Users\daian\Documents\GitHub_Proyectos\PWMGeneracionMedicion\freertos\Debug\libfreertos.a(queue.o)
 .text.prvInitialiseMutex
                0x000000000800a1d2       0x34 C:\Users\daian\Documents\GitHub_Proyectos\PWMGeneracionMedicion\freertos\Debug\libfreertos.a(queue.o)
 .text.xQueueCreateMutex
                0x000000000800a206       0x30 C:\Users\daian\Documents\GitHub_Proyectos\PWMGeneracionMedicion\freertos\Debug\libfreertos.a(queue.o)
                0x000000000800a206                xQueueCreateMutex
 *fill*         0x000000000800a236        0x2 
 .text.xQueueGenericSend
                0x000000000800a238      0x1fc C:\Users\daian\Documents\GitHub_Proyectos\PWMGeneracionMedicion\freertos\Debug\libfreertos.a(queue.o)
                0x000000000800a238                xQueueGenericSend
 .text.xQueueGenericSendFromISR
                0x000000000800a434      0x164 C:\Users\daian\Documents\GitHub_Proyectos\PWMGeneracionMedicion\freertos\Debug\libfreertos.a(queue.o)
                0x000000000800a434                xQueueGenericSendFromISR
 .text.xQueueGiveFromISR
                0x000000000800a598      0x148 C:\Users\daian\Documents\GitHub_Proyectos\PWMGeneracionMedicion\freertos\Debug\libfreertos.a(queue.o)
                0x000000000800a598                xQueueGiveFromISR
 .text.xQueueReceive
                0x000000000800a6e0      0x1c0 C:\Users\daian\Documents\GitHub_Proyectos\PWMGeneracionMedicion\freertos\Debug\libfreertos.a(queue.o)
                0x000000000800a6e0                xQueueReceive
 .text.xQueueSemaphoreTake
                0x000000000800a8a0      0x1fc C:\Users\daian\Documents\GitHub_Proyectos\PWMGeneracionMedicion\freertos\Debug\libfreertos.a(queue.o)
                0x000000000800a8a0                xQueueSemaphoreTake
 .text.prvGetDisinheritPriorityAfterTimeout
                0x000000000800aa9c       0x2e C:\Users\daian\Documents\GitHub_Proyectos\PWMGeneracionMedicion\freertos\Debug\libfreertos.a(queue.o)
 .text.prvCopyDataToQueue
                0x000000000800aaca       0xd4 C:\Users\daian\Documents\GitHub_Proyectos\PWMGeneracionMedicion\freertos\Debug\libfreertos.a(queue.o)
 .text.prvCopyDataFromQueue
                0x000000000800ab9e       0x4c C:\Users\daian\Documents\GitHub_Proyectos\PWMGeneracionMedicion\freertos\Debug\libfreertos.a(queue.o)
 .text.prvUnlockQueue
                0x000000000800abea       0xa4 C:\Users\daian\Documents\GitHub_Proyectos\PWMGeneracionMedicion\freertos\Debug\libfreertos.a(queue.o)
 .text.prvIsQueueEmpty
                0x000000000800ac8e       0x2c C:\Users\daian\Documents\GitHub_Proyectos\PWMGeneracionMedicion\freertos\Debug\libfreertos.a(queue.o)
 .text.prvIsQueueFull
                0x000000000800acba       0x30 C:\Users\daian\Documents\GitHub_Proyectos\PWMGeneracionMedicion\freertos\Debug\libfreertos.a(queue.o)
 *fill*         0x000000000800acea        0x2 
 .text.vQueueAddToRegistry
                0x000000000800acec       0x9c C:\Users\daian\Documents\GitHub_Proyectos\PWMGeneracionMedicion\freertos\Debug\libfreertos.a(queue.o)
                0x000000000800acec                vQueueAddToRegistry
 .text.vQueueWaitForMessageRestricted
                0x000000000800ad88       0x68 C:\Users\daian\Documents\GitHub_Proyectos\PWMGeneracionMedicion\freertos\Debug\libfreertos.a(queue.o)
                0x000000000800ad88                vQueueWaitForMessageRestricted
 .text.xTaskCreate
                0x000000000800adf0       0x8a C:\Users\daian\Documents\GitHub_Proyectos\PWMGeneracionMedicion\freertos\Debug\libfreertos.a(tasks.o)
                0x000000000800adf0                xTaskCreate
 .text.prvInitialiseNewTask
                0x000000000800ae7a      0x11c C:\Users\daian\Documents\GitHub_Proyectos\PWMGeneracionMedicion\freertos\Debug\libfreertos.a(tasks.o)
 *fill*         0x000000000800af96        0x2 
 .text.prvAddNewTaskToReadyList
                0x000000000800af98      0x130 C:\Users\daian\Documents\GitHub_Proyectos\PWMGeneracionMedicion\freertos\Debug\libfreertos.a(tasks.o)
 .text.vTaskDelay
                0x000000000800b0c8       0x68 C:\Users\daian\Documents\GitHub_Proyectos\PWMGeneracionMedicion\freertos\Debug\libfreertos.a(tasks.o)
                0x000000000800b0c8                vTaskDelay
 .text.vTaskStartScheduler
                0x000000000800b130       0xa4 C:\Users\daian\Documents\GitHub_Proyectos\PWMGeneracionMedicion\freertos\Debug\libfreertos.a(tasks.o)
                0x000000000800b130                vTaskStartScheduler
 .text.vTaskSuspendAll
                0x000000000800b1d4       0x1c C:\Users\daian\Documents\GitHub_Proyectos\PWMGeneracionMedicion\freertos\Debug\libfreertos.a(tasks.o)
                0x000000000800b1d4                vTaskSuspendAll
 .text.prvGetExpectedIdleTime
                0x000000000800b1f0       0x6c C:\Users\daian\Documents\GitHub_Proyectos\PWMGeneracionMedicion\freertos\Debug\libfreertos.a(tasks.o)
 .text.xTaskResumeAll
                0x000000000800b25c      0x1f8 C:\Users\daian\Documents\GitHub_Proyectos\PWMGeneracionMedicion\freertos\Debug\libfreertos.a(tasks.o)
                0x000000000800b25c                xTaskResumeAll
 .text.xTaskGetTickCount
                0x000000000800b454       0x1c C:\Users\daian\Documents\GitHub_Proyectos\PWMGeneracionMedicion\freertos\Debug\libfreertos.a(tasks.o)
                0x000000000800b454                xTaskGetTickCount
 .text.uxTaskGetNumberOfTasks
                0x000000000800b470       0x14 C:\Users\daian\Documents\GitHub_Proyectos\PWMGeneracionMedicion\freertos\Debug\libfreertos.a(tasks.o)
                0x000000000800b470                uxTaskGetNumberOfTasks
 .text.vTaskStepTick
                0x000000000800b484       0xb4 C:\Users\daian\Documents\GitHub_Proyectos\PWMGeneracionMedicion\freertos\Debug\libfreertos.a(tasks.o)
                0x000000000800b484                vTaskStepTick
 .text.xTaskIncrementTick
                0x000000000800b538      0x230 C:\Users\daian\Documents\GitHub_Proyectos\PWMGeneracionMedicion\freertos\Debug\libfreertos.a(tasks.o)
                0x000000000800b538                xTaskIncrementTick
 .text.vTaskSwitchContext
                0x000000000800b768       0xb8 C:\Users\daian\Documents\GitHub_Proyectos\PWMGeneracionMedicion\freertos\Debug\libfreertos.a(tasks.o)
                0x000000000800b768                vTaskSwitchContext
 .text.vTaskPlaceOnEventList
                0x000000000800b820       0x48 C:\Users\daian\Documents\GitHub_Proyectos\PWMGeneracionMedicion\freertos\Debug\libfreertos.a(tasks.o)
                0x000000000800b820                vTaskPlaceOnEventList
 .text.vTaskPlaceOnEventListRestricted
                0x000000000800b868       0x8c C:\Users\daian\Documents\GitHub_Proyectos\PWMGeneracionMedicion\freertos\Debug\libfreertos.a(tasks.o)
                0x000000000800b868                vTaskPlaceOnEventListRestricted
 .text.xTaskRemoveFromEventList
                0x000000000800b8f4      0x1b0 C:\Users\daian\Documents\GitHub_Proyectos\PWMGeneracionMedicion\freertos\Debug\libfreertos.a(tasks.o)
                0x000000000800b8f4                xTaskRemoveFromEventList
 .text.vTaskInternalSetTimeOutState
                0x000000000800baa4       0x2c C:\Users\daian\Documents\GitHub_Proyectos\PWMGeneracionMedicion\freertos\Debug\libfreertos.a(tasks.o)
                0x000000000800baa4                vTaskInternalSetTimeOutState
 .text.xTaskCheckForTimeOut
                0x000000000800bad0       0xcc C:\Users\daian\Documents\GitHub_Proyectos\PWMGeneracionMedicion\freertos\Debug\libfreertos.a(tasks.o)
                0x000000000800bad0                xTaskCheckForTimeOut
 .text.vTaskMissedYield
                0x000000000800bb9c       0x18 C:\Users\daian\Documents\GitHub_Proyectos\PWMGeneracionMedicion\freertos\Debug\libfreertos.a(tasks.o)
                0x000000000800bb9c                vTaskMissedYield
 .text.prvIdleTask
                0x000000000800bbb4       0x80 C:\Users\daian\Documents\GitHub_Proyectos\PWMGeneracionMedicion\freertos\Debug\libfreertos.a(tasks.o)
 .text.eTaskConfirmSleepModeStatus
                0x000000000800bc34       0x6c C:\Users\daian\Documents\GitHub_Proyectos\PWMGeneracionMedicion\freertos\Debug\libfreertos.a(tasks.o)
                0x000000000800bc34                eTaskConfirmSleepModeStatus
 .text.prvInitialiseTaskLists
                0x000000000800bca0       0x80 C:\Users\daian\Documents\GitHub_Proyectos\PWMGeneracionMedicion\freertos\Debug\libfreertos.a(tasks.o)
 .text.prvCheckTasksWaitingTermination
                0x000000000800bd20       0x5c C:\Users\daian\Documents\GitHub_Proyectos\PWMGeneracionMedicion\freertos\Debug\libfreertos.a(tasks.o)
 .text.prvDeleteTCB
                0x000000000800bd7c       0x20 C:\Users\daian\Documents\GitHub_Proyectos\PWMGeneracionMedicion\freertos\Debug\libfreertos.a(tasks.o)
 .text.prvResetNextTaskUnblockTime
                0x000000000800bd9c       0x34 C:\Users\daian\Documents\GitHub_Proyectos\PWMGeneracionMedicion\freertos\Debug\libfreertos.a(tasks.o)
 .text.xTaskGetSchedulerState
                0x000000000800bdd0       0x3c C:\Users\daian\Documents\GitHub_Proyectos\PWMGeneracionMedicion\freertos\Debug\libfreertos.a(tasks.o)
                0x000000000800bdd0                xTaskGetSchedulerState
 .text.xTaskPriorityInherit
                0x000000000800be0c      0x120 C:\Users\daian\Documents\GitHub_Proyectos\PWMGeneracionMedicion\freertos\Debug\libfreertos.a(tasks.o)
                0x000000000800be0c                xTaskPriorityInherit
 .text.xTaskPriorityDisinherit
                0x000000000800bf2c      0x12c C:\Users\daian\Documents\GitHub_Proyectos\PWMGeneracionMedicion\freertos\Debug\libfreertos.a(tasks.o)
                0x000000000800bf2c                xTaskPriorityDisinherit
 .text.vTaskPriorityDisinheritAfterTimeout
                0x000000000800c058      0x154 C:\Users\daian\Documents\GitHub_Proyectos\PWMGeneracionMedicion\freertos\Debug\libfreertos.a(tasks.o)
                0x000000000800c058                vTaskPriorityDisinheritAfterTimeout
 .text.pvTaskIncrementMutexHeldCount
                0x000000000800c1ac       0x28 C:\Users\daian\Documents\GitHub_Proyectos\PWMGeneracionMedicion\freertos\Debug\libfreertos.a(tasks.o)
                0x000000000800c1ac                pvTaskIncrementMutexHeldCount
 .text.prvAddCurrentTaskToDelayedList
                0x000000000800c1d4       0xdc C:\Users\daian\Documents\GitHub_Proyectos\PWMGeneracionMedicion\freertos\Debug\libfreertos.a(tasks.o)
 .text.xTimerCreateTimerTask
                0x000000000800c2b0       0x64 C:\Users\daian\Documents\GitHub_Proyectos\PWMGeneracionMedicion\freertos\Debug\libfreertos.a(timers.o)
                0x000000000800c2b0                xTimerCreateTimerTask
 .text.prvReloadTimer
                0x000000000800c314       0x42 C:\Users\daian\Documents\GitHub_Proyectos\PWMGeneracionMedicion\freertos\Debug\libfreertos.a(timers.o)
 *fill*         0x000000000800c356        0x2 
 .text.prvProcessExpiredTimer
                0x000000000800c358       0x60 C:\Users\daian\Documents\GitHub_Proyectos\PWMGeneracionMedicion\freertos\Debug\libfreertos.a(timers.o)
 .text.prvTimerTask
                0x000000000800c3b8       0x24 C:\Users\daian\Documents\GitHub_Proyectos\PWMGeneracionMedicion\freertos\Debug\libfreertos.a(timers.o)
 .text.prvProcessTimerOrBlockTask
                0x000000000800c3dc       0x9c C:\Users\daian\Documents\GitHub_Proyectos\PWMGeneracionMedicion\freertos\Debug\libfreertos.a(timers.o)
 .text.prvGetNextExpireTime
                0x000000000800c478       0x44 C:\Users\daian\Documents\GitHub_Proyectos\PWMGeneracionMedicion\freertos\Debug\libfreertos.a(timers.o)
 .text.prvSampleTimeNow
                0x000000000800c4bc       0x40 C:\Users\daian\Documents\GitHub_Proyectos\PWMGeneracionMedicion\freertos\Debug\libfreertos.a(timers.o)
 .text.prvInsertTimerInActiveList
                0x000000000800c4fc       0x84 C:\Users\daian\Documents\GitHub_Proyectos\PWMGeneracionMedicion\freertos\Debug\libfreertos.a(timers.o)
 .text.prvProcessReceivedCommands
                0x000000000800c580      0x17c C:\Users\daian\Documents\GitHub_Proyectos\PWMGeneracionMedicion\freertos\Debug\libfreertos.a(timers.o)
 .text.prvSwitchTimerLists
                0x000000000800c6fc       0x4c C:\Users\daian\Documents\GitHub_Proyectos\PWMGeneracionMedicion\freertos\Debug\libfreertos.a(timers.o)
 .text.prvCheckForValidListAndQueue
                0x000000000800c748       0x6c C:\Users\daian\Documents\GitHub_Proyectos\PWMGeneracionMedicion\freertos\Debug\libfreertos.a(timers.o)
 .text.pvPortMalloc
                0x000000000800c7b4       0x24 C:\Users\daian\Documents\GitHub_Proyectos\PWMGeneracionMedicion\freertos\Debug\libfreertos.a(heap_3.o)
                0x000000000800c7b4                pvPortMalloc
 .text.vPortFree
                0x000000000800c7d8       0x24 C:\Users\daian\Documents\GitHub_Proyectos\PWMGeneracionMedicion\freertos\Debug\libfreertos.a(heap_3.o)
                0x000000000800c7d8                vPortFree
 .text.vListInitialise
                0x000000000800c7fc       0x3e C:\Users\daian\Documents\GitHub_Proyectos\PWMGeneracionMedicion\freertos\Debug\libfreertos.a(list.o)
                0x000000000800c7fc                vListInitialise
 .text.vListInitialiseItem
                0x000000000800c83a       0x18 C:\Users\daian\Documents\GitHub_Proyectos\PWMGeneracionMedicion\freertos\Debug\libfreertos.a(list.o)
                0x000000000800c83a                vListInitialiseItem
 .text.vListInsert
                0x000000000800c852       0x70 C:\Users\daian\Documents\GitHub_Proyectos\PWMGeneracionMedicion\freertos\Debug\libfreertos.a(list.o)
                0x000000000800c852                vListInsert
 .text.uxListRemove
                0x000000000800c8c2       0x52 C:\Users\daian\Documents\GitHub_Proyectos\PWMGeneracionMedicion\freertos\Debug\libfreertos.a(list.o)
                0x000000000800c8c2                uxListRemove
 .text.pxPortInitialiseStack
                0x000000000800c914       0x58 C:\Users\daian\Documents\GitHub_Proyectos\PWMGeneracionMedicion\freertos\Debug\libfreertos.a(port.o)
                0x000000000800c914                pxPortInitialiseStack
 .text.prvTaskExitError
                0x000000000800c96c       0x58 C:\Users\daian\Documents\GitHub_Proyectos\PWMGeneracionMedicion\freertos\Debug\libfreertos.a(port.o)
 *fill*         0x000000000800c9c4        0xc 
 .text.SVC_Handler
                0x000000000800c9d0       0x28 C:\Users\daian\Documents\GitHub_Proyectos\PWMGeneracionMedicion\freertos\Debug\libfreertos.a(port.o)
                0x000000000800c9d0                SVC_Handler
 .text.prvPortStartFirstTask
                0x000000000800c9f8       0x24 C:\Users\daian\Documents\GitHub_Proyectos\PWMGeneracionMedicion\freertos\Debug\libfreertos.a(port.o)
 .text.xPortStartScheduler
                0x000000000800ca1c       0xe4 C:\Users\daian\Documents\GitHub_Proyectos\PWMGeneracionMedicion\freertos\Debug\libfreertos.a(port.o)
                0x000000000800ca1c                xPortStartScheduler
 .text.vPortEnterCritical
                0x000000000800cb00       0x60 C:\Users\daian\Documents\GitHub_Proyectos\PWMGeneracionMedicion\freertos\Debug\libfreertos.a(port.o)
                0x000000000800cb00                vPortEnterCritical
 .text.vPortExitCritical
                0x000000000800cb60       0x50 C:\Users\daian\Documents\GitHub_Proyectos\PWMGeneracionMedicion\freertos\Debug\libfreertos.a(port.o)
                0x000000000800cb60                vPortExitCritical
 .text.PendSV_Handler
                0x000000000800cbb0       0x48 C:\Users\daian\Documents\GitHub_Proyectos\PWMGeneracionMedicion\freertos\Debug\libfreertos.a(port.o)
                0x000000000800cbb0                PendSV_Handler
 .text.SysTick_Handler
                0x000000000800cbf8       0x44 C:\Users\daian\Documents\GitHub_Proyectos\PWMGeneracionMedicion\freertos\Debug\libfreertos.a(port.o)
                0x000000000800cbf8                SysTick_Handler
 .text.vPortSuppressTicksAndSleep
                0x000000000800cc3c      0x194 C:\Users\daian\Documents\GitHub_Proyectos\PWMGeneracionMedicion\freertos\Debug\libfreertos.a(port.o)
                0x000000000800cc3c                vPortSuppressTicksAndSleep
 .text.vPortSetupTimerInterrupt
                0x000000000800cdd0       0x78 C:\Users\daian\Documents\GitHub_Proyectos\PWMGeneracionMedicion\freertos\Debug\libfreertos.a(port.o)
                0x000000000800cdd0                vPortSetupTimerInterrupt
 .text.vPortValidateInterruptPriority
                0x000000000800ce48       0x7c C:\Users\daian\Documents\GitHub_Proyectos\PWMGeneracionMedicion\freertos\Debug\libfreertos.a(port.o)
                0x000000000800ce48                vPortValidateInterruptPriority
 .text.__errno  0x000000000800cec4        0xc c:/st/stm32cubeide_1.6.1/stm32cubeide/plugins/com.st.stm32cube.ide.mcu.externaltools.gnu-tools-for-stm32.9-2020-q2-update.win32_1.5.0.202011040924/tools/bin/../lib/gcc/arm-none-eabi/9.3.1/../../../../arm-none-eabi/lib/thumb/v7-m/nofp\libc_nano.a(lib_a-errno.o)
                0x000000000800cec4                __errno
 .text.__libc_init_array
                0x000000000800ced0       0x48 c:/st/stm32cubeide_1.6.1/stm32cubeide/plugins/com.st.stm32cube.ide.mcu.externaltools.gnu-tools-for-stm32.9-2020-q2-update.win32_1.5.0.202011040924/tools/bin/../lib/gcc/arm-none-eabi/9.3.1/../../../../arm-none-eabi/lib/thumb/v7-m/nofp\libc_nano.a(lib_a-init.o)
                0x000000000800ced0                __libc_init_array
 .text.malloc   0x000000000800cf18       0x10 c:/st/stm32cubeide_1.6.1/stm32cubeide/plugins/com.st.stm32cube.ide.mcu.externaltools.gnu-tools-for-stm32.9-2020-q2-update.win32_1.5.0.202011040924/tools/bin/../lib/gcc/arm-none-eabi/9.3.1/../../../../arm-none-eabi/lib/thumb/v7-m/nofp\libc_nano.a(lib_a-malloc.o)
                0x000000000800cf18                malloc
 .text.free     0x000000000800cf28       0x10 c:/st/stm32cubeide_1.6.1/stm32cubeide/plugins/com.st.stm32cube.ide.mcu.externaltools.gnu-tools-for-stm32.9-2020-q2-update.win32_1.5.0.202011040924/tools/bin/../lib/gcc/arm-none-eabi/9.3.1/../../../../arm-none-eabi/lib/thumb/v7-m/nofp\libc_nano.a(lib_a-malloc.o)
                0x000000000800cf28                free
 .text.memcpy   0x000000000800cf38       0x1c c:/st/stm32cubeide_1.6.1/stm32cubeide/plugins/com.st.stm32cube.ide.mcu.externaltools.gnu-tools-for-stm32.9-2020-q2-update.win32_1.5.0.202011040924/tools/bin/../lib/gcc/arm-none-eabi/9.3.1/../../../../arm-none-eabi/lib/thumb/v7-m/nofp\libc_nano.a(lib_a-memcpy-stub.o)
                0x000000000800cf38                memcpy
 .text.memset   0x000000000800cf54       0x10 c:/st/stm32cubeide_1.6.1/stm32cubeide/plugins/com.st.stm32cube.ide.mcu.externaltools.gnu-tools-for-stm32.9-2020-q2-update.win32_1.5.0.202011040924/tools/bin/../lib/gcc/arm-none-eabi/9.3.1/../../../../arm-none-eabi/lib/thumb/v7-m/nofp\libc_nano.a(lib_a-memset.o)
                0x000000000800cf54                memset
 .text._free_r  0x000000000800cf64       0x98 c:/st/stm32cubeide_1.6.1/stm32cubeide/plugins/com.st.stm32cube.ide.mcu.externaltools.gnu-tools-for-stm32.9-2020-q2-update.win32_1.5.0.202011040924/tools/bin/../lib/gcc/arm-none-eabi/9.3.1/../../../../arm-none-eabi/lib/thumb/v7-m/nofp\libc_nano.a(lib_a-nano-freer.o)
                0x000000000800cf64                _free_r
 .text._malloc_r
                0x000000000800cffc       0xb4 c:/st/stm32cubeide_1.6.1/stm32cubeide/plugins/com.st.stm32cube.ide.mcu.externaltools.gnu-tools-for-stm32.9-2020-q2-update.win32_1.5.0.202011040924/tools/bin/../lib/gcc/arm-none-eabi/9.3.1/../../../../arm-none-eabi/lib/thumb/v7-m/nofp\libc_nano.a(lib_a-nano-mallocr.o)
                0x000000000800cffc                _malloc_r
 .text._sbrk_r  0x000000000800d0b0       0x20 c:/st/stm32cubeide_1.6.1/stm32cubeide/plugins/com.st.stm32cube.ide.mcu.externaltools.gnu-tools-for-stm32.9-2020-q2-update.win32_1.5.0.202011040924/tools/bin/../lib/gcc/arm-none-eabi/9.3.1/../../../../arm-none-eabi/lib/thumb/v7-m/nofp\libc_nano.a(lib_a-sbrkr.o)
                0x000000000800d0b0                _sbrk_r
 .text.snprintf
                0x000000000800d0d0       0x68 c:/st/stm32cubeide_1.6.1/stm32cubeide/plugins/com.st.stm32cube.ide.mcu.externaltools.gnu-tools-for-stm32.9-2020-q2-update.win32_1.5.0.202011040924/tools/bin/../lib/gcc/arm-none-eabi/9.3.1/../../../../arm-none-eabi/lib/thumb/v7-m/nofp\libc_nano.a(lib_a-snprintf.o)
                0x000000000800d0d0                sniprintf
                0x000000000800d0d0                snprintf
 .text.sprintf  0x000000000800d138       0x40 c:/st/stm32cubeide_1.6.1/stm32cubeide/plugins/com.st.stm32cube.ide.mcu.externaltools.gnu-tools-for-stm32.9-2020-q2-update.win32_1.5.0.202011040924/tools/bin/../lib/gcc/arm-none-eabi/9.3.1/../../../../arm-none-eabi/lib/thumb/v7-m/nofp\libc_nano.a(lib_a-sprintf.o)
                0x000000000800d138                siprintf
                0x000000000800d138                sprintf
 .text.strcpy   0x000000000800d178       0x10 c:/st/stm32cubeide_1.6.1/stm32cubeide/plugins/com.st.stm32cube.ide.mcu.externaltools.gnu-tools-for-stm32.9-2020-q2-update.win32_1.5.0.202011040924/tools/bin/../lib/gcc/arm-none-eabi/9.3.1/../../../../arm-none-eabi/lib/thumb/v7-m/nofp\libc_nano.a(lib_a-strcpy.o)
                0x000000000800d178                strcpy
 .text.strncpy  0x000000000800d188       0x26 c:/st/stm32cubeide_1.6.1/stm32cubeide/plugins/com.st.stm32cube.ide.mcu.externaltools.gnu-tools-for-stm32.9-2020-q2-update.win32_1.5.0.202011040924/tools/bin/../lib/gcc/arm-none-eabi/9.3.1/../../../../arm-none-eabi/lib/thumb/v7-m/nofp\libc_nano.a(lib_a-strncpy.o)
                0x000000000800d188                strncpy
 *fill*         0x000000000800d1ae        0x2 
 .text._strtol_l.isra.0
                0x000000000800d1b0      0x10c c:/st/stm32cubeide_1.6.1/stm32cubeide/plugins/com.st.stm32cube.ide.mcu.externaltools.gnu-tools-for-stm32.9-2020-q2-update.win32_1.5.0.202011040924/tools/bin/../lib/gcc/arm-none-eabi/9.3.1/../../../../arm-none-eabi/lib/thumb/v7-m/nofp\libc_nano.a(lib_a-strtol.o)
 .text.strtol   0x000000000800d2bc       0x14 c:/st/stm32cubeide_1.6.1/stm32cubeide/plugins/com.st.stm32cube.ide.mcu.externaltools.gnu-tools-for-stm32.9-2020-q2-update.win32_1.5.0.202011040924/tools/bin/../lib/gcc/arm-none-eabi/9.3.1/../../../../arm-none-eabi/lib/thumb/v7-m/nofp\libc_nano.a(lib_a-strtol.o)
                0x000000000800d2bc                strtol
 .text.__malloc_lock
                0x000000000800d2d0        0xc c:/st/stm32cubeide_1.6.1/stm32cubeide/plugins/com.st.stm32cube.ide.mcu.externaltools.gnu-tools-for-stm32.9-2020-q2-update.win32_1.5.0.202011040924/tools/bin/../lib/gcc/arm-none-eabi/9.3.1/../../../../arm-none-eabi/lib/thumb/v7-m/nofp\libc_nano.a(lib_a-mlock.o)
                0x000000000800d2d0                __malloc_lock
 .text.__malloc_unlock
                0x000000000800d2dc        0xc c:/st/stm32cubeide_1.6.1/stm32cubeide/plugins/com.st.stm32cube.ide.mcu.externaltools.gnu-tools-for-stm32.9-2020-q2-update.win32_1.5.0.202011040924/tools/bin/../lib/gcc/arm-none-eabi/9.3.1/../../../../arm-none-eabi/lib/thumb/v7-m/nofp\libc_nano.a(lib_a-mlock.o)
                0x000000000800d2dc                __malloc_unlock
 .text.__ssputs_r
                0x000000000800d2e8       0xb6 c:/st/stm32cubeide_1.6.1/stm32cubeide/plugins/com.st.stm32cube.ide.mcu.externaltools.gnu-tools-for-stm32.9-2020-q2-update.win32_1.5.0.202011040924/tools/bin/../lib/gcc/arm-none-eabi/9.3.1/../../../../arm-none-eabi/lib/thumb/v7-m/nofp\libc_nano.a(lib_a-nano-svfprintf.o)
                0x000000000800d2e8                __ssputs_r
 *fill*         0x000000000800d39e        0x2 
 .text._svfprintf_r
                0x000000000800d3a0      0x200 c:/st/stm32cubeide_1.6.1/stm32cubeide/plugins/com.st.stm32cube.ide.mcu.externaltools.gnu-tools-for-stm32.9-2020-q2-update.win32_1.5.0.202011040924/tools/bin/../lib/gcc/arm-none-eabi/9.3.1/../../../../arm-none-eabi/lib/thumb/v7-m/nofp\libc_nano.a(lib_a-nano-svfprintf.o)
                0x000000000800d3a0                _svfiprintf_r
                0x000000000800d3a0                _svfprintf_r
 .text._printf_common
                0x000000000800d5a0       0xde c:/st/stm32cubeide_1.6.1/stm32cubeide/plugins/com.st.stm32cube.ide.mcu.externaltools.gnu-tools-for-stm32.9-2020-q2-update.win32_1.5.0.202011040924/tools/bin/../lib/gcc/arm-none-eabi/9.3.1/../../../../arm-none-eabi/lib/thumb/v7-m/nofp\libc_nano.a(lib_a-nano-vfprintf_i.o)
                0x000000000800d5a0                _printf_common
 *fill*         0x000000000800d67e        0x2 
 .text._printf_i
                0x000000000800d680      0x24c c:/st/stm32cubeide_1.6.1/stm32cubeide/plugins/com.st.stm32cube.ide.mcu.externaltools.gnu-tools-for-stm32.9-2020-q2-update.win32_1.5.0.202011040924/tools/bin/../lib/gcc/arm-none-eabi/9.3.1/../../../../arm-none-eabi/lib/thumb/v7-m/nofp\libc_nano.a(lib_a-nano-vfprintf_i.o)
                0x000000000800d680                _printf_i
 .text.__retarget_lock_acquire_recursive
                0x000000000800d8cc        0x2 c:/st/stm32cubeide_1.6.1/stm32cubeide/plugins/com.st.stm32cube.ide.mcu.externaltools.gnu-tools-for-stm32.9-2020-q2-update.win32_1.5.0.202011040924/tools/bin/../lib/gcc/arm-none-eabi/9.3.1/../../../../arm-none-eabi/lib/thumb/v7-m/nofp\libc_nano.a(lib_a-lock.o)
                0x000000000800d8cc                __retarget_lock_acquire_recursive
 .text.__retarget_lock_release_recursive
                0x000000000800d8ce        0x2 c:/st/stm32cubeide_1.6.1/stm32cubeide/plugins/com.st.stm32cube.ide.mcu.externaltools.gnu-tools-for-stm32.9-2020-q2-update.win32_1.5.0.202011040924/tools/bin/../lib/gcc/arm-none-eabi/9.3.1/../../../../arm-none-eabi/lib/thumb/v7-m/nofp\libc_nano.a(lib_a-lock.o)
                0x000000000800d8ce                __retarget_lock_release_recursive
 .text.memchr   0x000000000800d8d0       0x1c c:/st/stm32cubeide_1.6.1/stm32cubeide/plugins/com.st.stm32cube.ide.mcu.externaltools.gnu-tools-for-stm32.9-2020-q2-update.win32_1.5.0.202011040924/tools/bin/../lib/gcc/arm-none-eabi/9.3.1/../../../../arm-none-eabi/lib/thumb/v7-m/nofp\libc_nano.a(lib_a-memchr-stub.o)
                0x000000000800d8d0                memchr
 .text.memmove  0x000000000800d8ec       0x34 c:/st/stm32cubeide_1.6.1/stm32cubeide/plugins/com.st.stm32cube.ide.mcu.externaltools.gnu-tools-for-stm32.9-2020-q2-update.win32_1.5.0.202011040924/tools/bin/../lib/gcc/arm-none-eabi/9.3.1/../../../../arm-none-eabi/lib/thumb/v7-m/nofp\libc_nano.a(lib_a-memmove.o)
                0x000000000800d8ec                memmove
 .text._realloc_r
                0x000000000800d920       0x4c c:/st/stm32cubeide_1.6.1/stm32cubeide/plugins/com.st.stm32cube.ide.mcu.externaltools.gnu-tools-for-stm32.9-2020-q2-update.win32_1.5.0.202011040924/tools/bin/../lib/gcc/arm-none-eabi/9.3.1/../../../../arm-none-eabi/lib/thumb/v7-m/nofp\libc_nano.a(lib_a-nano-reallocr.o)
                0x000000000800d920                _realloc_r
 .text._malloc_usable_size_r
                0x000000000800d96c       0x10 c:/st/stm32cubeide_1.6.1/stm32cubeide/plugins/com.st.stm32cube.ide.mcu.externaltools.gnu-tools-for-stm32.9-2020-q2-update.win32_1.5.0.202011040924/tools/bin/../lib/gcc/arm-none-eabi/9.3.1/../../../../arm-none-eabi/lib/thumb/v7-m/nofp\libc_nano.a(lib_a-nano-msizer.o)
                0x000000000800d96c                _malloc_usable_size_r
 *(.glue_7)
 .glue_7        0x000000000800d97c        0x0 linker stubs
 *(.glue_7t)
 .glue_7t       0x000000000800d97c        0x0 linker stubs
 *(.eh_frame)
 .eh_frame      0x000000000800d97c        0x0 c:/st/stm32cubeide_1.6.1/stm32cubeide/plugins/com.st.stm32cube.ide.mcu.externaltools.gnu-tools-for-stm32.9-2020-q2-update.win32_1.5.0.202011040924/tools/bin/../lib/gcc/arm-none-eabi/9.3.1/thumb/v7-m/nofp/crtbegin.o
 *(.init)
 .init          0x000000000800d97c        0x4 c:/st/stm32cubeide_1.6.1/stm32cubeide/plugins/com.st.stm32cube.ide.mcu.externaltools.gnu-tools-for-stm32.9-2020-q2-update.win32_1.5.0.202011040924/tools/bin/../lib/gcc/arm-none-eabi/9.3.1/thumb/v7-m/nofp/crti.o
                0x000000000800d97c                _init
 .init          0x000000000800d980        0x8 c:/st/stm32cubeide_1.6.1/stm32cubeide/plugins/com.st.stm32cube.ide.mcu.externaltools.gnu-tools-for-stm32.9-2020-q2-update.win32_1.5.0.202011040924/tools/bin/../lib/gcc/arm-none-eabi/9.3.1/thumb/v7-m/nofp/crtn.o
 *(.fini)
 .fini          0x000000000800d988        0x4 c:/st/stm32cubeide_1.6.1/stm32cubeide/plugins/com.st.stm32cube.ide.mcu.externaltools.gnu-tools-for-stm32.9-2020-q2-update.win32_1.5.0.202011040924/tools/bin/../lib/gcc/arm-none-eabi/9.3.1/thumb/v7-m/nofp/crti.o
                0x000000000800d988                _fini
 .fini          0x000000000800d98c        0x8 c:/st/stm32cubeide_1.6.1/stm32cubeide/plugins/com.st.stm32cube.ide.mcu.externaltools.gnu-tools-for-stm32.9-2020-q2-update.win32_1.5.0.202011040924/tools/bin/../lib/gcc/arm-none-eabi/9.3.1/thumb/v7-m/nofp/crtn.o
                0x000000000800d994                . = ALIGN (0x4)
                0x000000000800d994                _etext = .

.vfp11_veneer   0x000000000800d994        0x0
 .vfp11_veneer  0x000000000800d994        0x0 linker stubs

.v4_bx          0x000000000800d994        0x0
 .v4_bx         0x000000000800d994        0x0 linker stubs

.iplt           0x000000000800d994        0x0
 .iplt          0x000000000800d994        0x0 c:/st/stm32cubeide_1.6.1/stm32cubeide/plugins/com.st.stm32cube.ide.mcu.externaltools.gnu-tools-for-stm32.9-2020-q2-update.win32_1.5.0.202011040924/tools/bin/../lib/gcc/arm-none-eabi/9.3.1/thumb/v7-m/nofp/crtbegin.o

.rodata         0x000000000800d994      0x334
                0x000000000800d994                . = ALIGN (0x4)
 *(.rodata)
 .rodata        0x000000000800d994       0x10 Core/Src/liquidcrystal_i2c.o
 .rodata        0x000000000800d9a4       0xe5 Core/Src/main.o
 *fill*         0x000000000800da89        0x3 
 .rodata        0x000000000800da8c       0x44 Middlewares/Third_Party/FatFs/src/ff.o
 .rodata        0x000000000800dad0        0x5 C:\Users\daian\Documents\GitHub_Proyectos\PWMGeneracionMedicion\freertos\Debug\libfreertos.a(tasks.o)
 *fill*         0x000000000800dad5        0x3 
 .rodata        0x000000000800dad8        0xd C:\Users\daian\Documents\GitHub_Proyectos\PWMGeneracionMedicion\freertos\Debug\libfreertos.a(timers.o)
 *(.rodata*)
 *fill*         0x000000000800dae5        0x3 
 .rodata.AHBPrescTable
                0x000000000800dae8       0x10 Core/Src/system_stm32f1xx.o
                0x000000000800dae8                AHBPrescTable
 .rodata.APBPrescTable
                0x000000000800daf8        0x8 Core/Src/system_stm32f1xx.o
                0x000000000800daf8                APBPrescTable
 .rodata.aPLLMULFactorTable.6568
                0x000000000800db00       0x10 Drivers/STM32F1xx_HAL_Driver/Src/stm32f1xx_hal_rcc.o
 .rodata.aPredivFactorTable.6569
                0x000000000800db10        0x2 Drivers/STM32F1xx_HAL_Driver/Src/stm32f1xx_hal_rcc.o
 *fill*         0x000000000800db12        0x2 
 .rodata.ExCvt  0x000000000800db14       0x80 Middlewares/Third_Party/FatFs/src/ff.o
 .rodata._ctype_
                0x000000000800db94      0x101 c:/st/stm32cubeide_1.6.1/stm32cubeide/plugins/com.st.stm32cube.ide.mcu.externaltools.gnu-tools-for-stm32.9-2020-q2-update.win32_1.5.0.202011040924/tools/bin/../lib/gcc/arm-none-eabi/9.3.1/../../../../arm-none-eabi/lib/thumb/v7-m/nofp\libc_nano.a(lib_a-ctype_.o)
                0x000000000800db94                _ctype_
 .rodata._svfprintf_r.str1.1
                0x000000000800dc95       0x11 c:/st/stm32cubeide_1.6.1/stm32cubeide/plugins/com.st.stm32cube.ide.mcu.externaltools.gnu-tools-for-stm32.9-2020-q2-update.win32_1.5.0.202011040924/tools/bin/../lib/gcc/arm-none-eabi/9.3.1/../../../../arm-none-eabi/lib/thumb/v7-m/nofp\libc_nano.a(lib_a-nano-svfprintf.o)
 .rodata._printf_i.str1.1
                0x000000000800dca6       0x22 c:/st/stm32cubeide_1.6.1/stm32cubeide/plugins/com.st.stm32cube.ide.mcu.externaltools.gnu-tools-for-stm32.9-2020-q2-update.win32_1.5.0.202011040924/tools/bin/../lib/gcc/arm-none-eabi/9.3.1/../../../../arm-none-eabi/lib/thumb/v7-m/nofp\libc_nano.a(lib_a-nano-vfprintf_i.o)
                0x000000000800dcc8                . = ALIGN (0x4)

.rel.dyn        0x000000000800dcc8        0x0
 .rel.iplt      0x000000000800dcc8        0x0 c:/st/stm32cubeide_1.6.1/stm32cubeide/plugins/com.st.stm32cube.ide.mcu.externaltools.gnu-tools-for-stm32.9-2020-q2-update.win32_1.5.0.202011040924/tools/bin/../lib/gcc/arm-none-eabi/9.3.1/thumb/v7-m/nofp/crtbegin.o

.ARM.extab      0x000000000800dcc8        0x0
                0x000000000800dcc8                . = ALIGN (0x4)
 *(.ARM.extab* .gnu.linkonce.armextab.*)
                0x000000000800dcc8                . = ALIGN (0x4)

.ARM            0x000000000800dcc8        0x0
                0x000000000800dcc8                . = ALIGN (0x4)
                0x000000000800dcc8                __exidx_start = .
 *(.ARM.exidx*)
                0x000000000800dcc8                __exidx_end = .
                0x000000000800dcc8                . = ALIGN (0x4)

.preinit_array  0x000000000800dcc8        0x0
                0x000000000800dcc8                . = ALIGN (0x4)
                0x000000000800dcc8                PROVIDE (__preinit_array_start = .)
 *(.preinit_array*)
                0x000000000800dcc8                PROVIDE (__preinit_array_end = .)
                0x000000000800dcc8                . = ALIGN (0x4)

.init_array     0x000000000800dcc8        0x4
                0x000000000800dcc8                . = ALIGN (0x4)
                0x000000000800dcc8                PROVIDE (__init_array_start = .)
 *(SORT_BY_NAME(.init_array.*))
 *(.init_array*)
 .init_array    0x000000000800dcc8        0x4 c:/st/stm32cubeide_1.6.1/stm32cubeide/plugins/com.st.stm32cube.ide.mcu.externaltools.gnu-tools-for-stm32.9-2020-q2-update.win32_1.5.0.202011040924/tools/bin/../lib/gcc/arm-none-eabi/9.3.1/thumb/v7-m/nofp/crtbegin.o
                0x000000000800dccc                PROVIDE (__init_array_end = .)
                0x000000000800dccc                . = ALIGN (0x4)

.fini_array     0x000000000800dccc        0x4
                0x000000000800dccc                . = ALIGN (0x4)
                [!provide]                        PROVIDE (__fini_array_start = .)
 *(SORT_BY_NAME(.fini_array.*))
 *(.fini_array*)
 .fini_array    0x000000000800dccc        0x4 c:/st/stm32cubeide_1.6.1/stm32cubeide/plugins/com.st.stm32cube.ide.mcu.externaltools.gnu-tools-for-stm32.9-2020-q2-update.win32_1.5.0.202011040924/tools/bin/../lib/gcc/arm-none-eabi/9.3.1/thumb/v7-m/nofp/crtbegin.o
                [!provide]                        PROVIDE (__fini_array_end = .)
                0x000000000800dcd0                . = ALIGN (0x4)
                0x000000000800dcd0                _sidata = LOADADDR (.data)

.data           0x0000000020000000       0xa0 load address 0x000000000800dcd0
                0x0000000020000000                . = ALIGN (0x4)
                0x0000000020000000                _sdata = .
 *(.data)
 *(.data*)
 .data.Stat     0x0000000020000000        0x1 Core/Src/fatfs_sd.o
 *fill*         0x0000000020000001        0x3 
 .data.special1
                0x0000000020000004        0x8 Core/Src/liquidcrystal_i2c.o
                0x0000000020000004                special1
 .data.special2
                0x000000002000000c        0x8 Core/Src/liquidcrystal_i2c.o
                0x000000002000000c                special2
 .data.SystemCoreClock
                0x0000000020000014        0x4 Core/Src/system_stm32f1xx.o
                0x0000000020000014                SystemCoreClock
 .data.uwTickPrio
                0x0000000020000018        0x4 Drivers/STM32F1xx_HAL_Driver/Src/stm32f1xx_hal.o
                0x0000000020000018                uwTickPrio
 .data.uwTickFreq
                0x000000002000001c        0x1 Drivers/STM32F1xx_HAL_Driver/Src/stm32f1xx_hal.o
                0x000000002000001c                uwTickFreq
 .data.Stat     0x000000002000001d        0x1 FATFS/Target/user_diskio.o
 *fill*         0x000000002000001e        0x2 
 .data.USER_Driver
                0x0000000020000020       0x14 FATFS/Target/user_diskio.o
                0x0000000020000020                USER_Driver
 .data.uxTopUsedPriority
                0x0000000020000034        0x4 C:\Users\daian\Documents\GitHub_Proyectos\PWMGeneracionMedicion\freertos\Debug\libfreertos.a(tasks.o)
                0x0000000020000034                uxTopUsedPriority
 .data.uxCriticalNesting
                0x0000000020000038        0x4 C:\Users\daian\Documents\GitHub_Proyectos\PWMGeneracionMedicion\freertos\Debug\libfreertos.a(port.o)
 .data._impure_ptr
                0x000000002000003c        0x4 c:/st/stm32cubeide_1.6.1/stm32cubeide/plugins/com.st.stm32cube.ide.mcu.externaltools.gnu-tools-for-stm32.9-2020-q2-update.win32_1.5.0.202011040924/tools/bin/../lib/gcc/arm-none-eabi/9.3.1/../../../../arm-none-eabi/lib/thumb/v7-m/nofp\libc_nano.a(lib_a-impure.o)
                0x000000002000003c                _impure_ptr
 .data.impure_data
                0x0000000020000040       0x60 c:/st/stm32cubeide_1.6.1/stm32cubeide/plugins/com.st.stm32cube.ide.mcu.externaltools.gnu-tools-for-stm32.9-2020-q2-update.win32_1.5.0.202011040924/tools/bin/../lib/gcc/arm-none-eabi/9.3.1/../../../../arm-none-eabi/lib/thumb/v7-m/nofp\libc_nano.a(lib_a-impure.o)
 *(.RamFunc)
 *(.RamFunc*)
                0x00000000200000a0                . = ALIGN (0x4)
                0x00000000200000a0                _edata = .

.igot.plt       0x00000000200000a0        0x0 load address 0x000000000800dd70
 .igot.plt      0x00000000200000a0        0x0 c:/st/stm32cubeide_1.6.1/stm32cubeide/plugins/com.st.stm32cube.ide.mcu.externaltools.gnu-tools-for-stm32.9-2020-q2-update.win32_1.5.0.202011040924/tools/bin/../lib/gcc/arm-none-eabi/9.3.1/thumb/v7-m/nofp/crtbegin.o
                0x00000000200000a0                . = ALIGN (0x4)

.bss            0x00000000200000a0      0xdb8 load address 0x000000000800dd70
                0x00000000200000a0                _sbss = .
                0x00000000200000a0                __bss_start__ = _sbss
 *(.bss)
 .bss           0x00000000200000a0       0x1c c:/st/stm32cubeide_1.6.1/stm32cubeide/plugins/com.st.stm32cube.ide.mcu.externaltools.gnu-tools-for-stm32.9-2020-q2-update.win32_1.5.0.202011040924/tools/bin/../lib/gcc/arm-none-eabi/9.3.1/thumb/v7-m/nofp/crtbegin.o
 *(.bss*)
 .bss.CardType  0x00000000200000bc        0x1 Core/Src/fatfs_sd.o
 .bss.PowerFlag
                0x00000000200000bd        0x1 Core/Src/fatfs_sd.o
 *fill*         0x00000000200000be        0x2 
 .bss.xHigherPriorityTaskWoken.9039
                0x00000000200000c0        0x4 Core/Src/main.o
 .bss.__sbrk_heap_end
                0x00000000200000c4        0x4 Core/Src/sysmem.o
 .bss.FatFs     0x00000000200000c8        0x4 Middlewares/Third_Party/FatFs/src/ff.o
 .bss.Fsid      0x00000000200000cc        0x2 Middlewares/Third_Party/FatFs/src/ff.o
 *fill*         0x00000000200000ce        0x2 
 .bss.Files     0x00000000200000d0       0x18 Middlewares/Third_Party/FatFs/src/ff.o
 .bss.disk      0x00000000200000e8        0xc Middlewares/Third_Party/FatFs/src/ff_gen_drv.o
                0x00000000200000e8                disk
 .bss.pxCurrentTCB
                0x00000000200000f4        0x4 C:\Users\daian\Documents\GitHub_Proyectos\PWMGeneracionMedicion\freertos\Debug\libfreertos.a(tasks.o)
                0x00000000200000f4                pxCurrentTCB
 .bss.pxReadyTasksLists
                0x00000000200000f8       0x64 C:\Users\daian\Documents\GitHub_Proyectos\PWMGeneracionMedicion\freertos\Debug\libfreertos.a(tasks.o)
 .bss.xDelayedTaskList1
                0x000000002000015c       0x14 C:\Users\daian\Documents\GitHub_Proyectos\PWMGeneracionMedicion\freertos\Debug\libfreertos.a(tasks.o)
 .bss.xDelayedTaskList2
                0x0000000020000170       0x14 C:\Users\daian\Documents\GitHub_Proyectos\PWMGeneracionMedicion\freertos\Debug\libfreertos.a(tasks.o)
 .bss.pxDelayedTaskList
                0x0000000020000184        0x4 C:\Users\daian\Documents\GitHub_Proyectos\PWMGeneracionMedicion\freertos\Debug\libfreertos.a(tasks.o)
 .bss.pxOverflowDelayedTaskList
                0x0000000020000188        0x4 C:\Users\daian\Documents\GitHub_Proyectos\PWMGeneracionMedicion\freertos\Debug\libfreertos.a(tasks.o)
 .bss.xPendingReadyList
                0x000000002000018c       0x14 C:\Users\daian\Documents\GitHub_Proyectos\PWMGeneracionMedicion\freertos\Debug\libfreertos.a(tasks.o)
 .bss.xTasksWaitingTermination
                0x00000000200001a0       0x14 C:\Users\daian\Documents\GitHub_Proyectos\PWMGeneracionMedicion\freertos\Debug\libfreertos.a(tasks.o)
 .bss.uxDeletedTasksWaitingCleanUp
                0x00000000200001b4        0x4 C:\Users\daian\Documents\GitHub_Proyectos\PWMGeneracionMedicion\freertos\Debug\libfreertos.a(tasks.o)
 .bss.xSuspendedTaskList
                0x00000000200001b8       0x14 C:\Users\daian\Documents\GitHub_Proyectos\PWMGeneracionMedicion\freertos\Debug\libfreertos.a(tasks.o)
 .bss.uxCurrentNumberOfTasks
                0x00000000200001cc        0x4 C:\Users\daian\Documents\GitHub_Proyectos\PWMGeneracionMedicion\freertos\Debug\libfreertos.a(tasks.o)
 .bss.xTickCount
                0x00000000200001d0        0x4 C:\Users\daian\Documents\GitHub_Proyectos\PWMGeneracionMedicion\freertos\Debug\libfreertos.a(tasks.o)
 .bss.uxTopReadyPriority
                0x00000000200001d4        0x4 C:\Users\daian\Documents\GitHub_Proyectos\PWMGeneracionMedicion\freertos\Debug\libfreertos.a(tasks.o)
 .bss.xSchedulerRunning
                0x00000000200001d8        0x4 C:\Users\daian\Documents\GitHub_Proyectos\PWMGeneracionMedicion\freertos\Debug\libfreertos.a(tasks.o)
 .bss.xPendedTicks
                0x00000000200001dc        0x4 C:\Users\daian\Documents\GitHub_Proyectos\PWMGeneracionMedicion\freertos\Debug\libfreertos.a(tasks.o)
 .bss.xYieldPending
                0x00000000200001e0        0x4 C:\Users\daian\Documents\GitHub_Proyectos\PWMGeneracionMedicion\freertos\Debug\libfreertos.a(tasks.o)
 .bss.xNumOfOverflows
                0x00000000200001e4        0x4 C:\Users\daian\Documents\GitHub_Proyectos\PWMGeneracionMedicion\freertos\Debug\libfreertos.a(tasks.o)
 .bss.uxTaskNumber
                0x00000000200001e8        0x4 C:\Users\daian\Documents\GitHub_Proyectos\PWMGeneracionMedicion\freertos\Debug\libfreertos.a(tasks.o)
 .bss.xNextTaskUnblockTime
                0x00000000200001ec        0x4 C:\Users\daian\Documents\GitHub_Proyectos\PWMGeneracionMedicion\freertos\Debug\libfreertos.a(tasks.o)
 .bss.xIdleTaskHandle
                0x00000000200001f0        0x4 C:\Users\daian\Documents\GitHub_Proyectos\PWMGeneracionMedicion\freertos\Debug\libfreertos.a(tasks.o)
 .bss.uxSchedulerSuspended
                0x00000000200001f4        0x4 C:\Users\daian\Documents\GitHub_Proyectos\PWMGeneracionMedicion\freertos\Debug\libfreertos.a(tasks.o)
 .bss.xActiveTimerList1
                0x00000000200001f8       0x14 C:\Users\daian\Documents\GitHub_Proyectos\PWMGeneracionMedicion\freertos\Debug\libfreertos.a(timers.o)
 .bss.xActiveTimerList2
                0x000000002000020c       0x14 C:\Users\daian\Documents\GitHub_Proyectos\PWMGeneracionMedicion\freertos\Debug\libfreertos.a(timers.o)
 .bss.pxCurrentTimerList
                0x0000000020000220        0x4 C:\Users\daian\Documents\GitHub_Proyectos\PWMGeneracionMedicion\freertos\Debug\libfreertos.a(timers.o)
 .bss.pxOverflowTimerList
                0x0000000020000224        0x4 C:\Users\daian\Documents\GitHub_Proyectos\PWMGeneracionMedicion\freertos\Debug\libfreertos.a(timers.o)
 .bss.xTimerQueue
                0x0000000020000228        0x4 C:\Users\daian\Documents\GitHub_Proyectos\PWMGeneracionMedicion\freertos\Debug\libfreertos.a(timers.o)
 .bss.xTimerTaskHandle
                0x000000002000022c        0x4 C:\Users\daian\Documents\GitHub_Proyectos\PWMGeneracionMedicion\freertos\Debug\libfreertos.a(timers.o)
 .bss.xLastTime.5553
                0x0000000020000230        0x4 C:\Users\daian\Documents\GitHub_Proyectos\PWMGeneracionMedicion\freertos\Debug\libfreertos.a(timers.o)
 .bss.ulTimerCountsForOneTick
                0x0000000020000234        0x4 C:\Users\daian\Documents\GitHub_Proyectos\PWMGeneracionMedicion\freertos\Debug\libfreertos.a(port.o)
 .bss.xMaximumPossibleSuppressedTicks
                0x0000000020000238        0x4 C:\Users\daian\Documents\GitHub_Proyectos\PWMGeneracionMedicion\freertos\Debug\libfreertos.a(port.o)
 .bss.ulStoppedTimerCompensation
                0x000000002000023c        0x4 C:\Users\daian\Documents\GitHub_Proyectos\PWMGeneracionMedicion\freertos\Debug\libfreertos.a(port.o)
 .bss.ucMaxSysCallPriority
                0x0000000020000240        0x1 C:\Users\daian\Documents\GitHub_Proyectos\PWMGeneracionMedicion\freertos\Debug\libfreertos.a(port.o)
 *fill*         0x0000000020000241        0x3 
 .bss.ulMaxPRIGROUPValue
                0x0000000020000244        0x4 C:\Users\daian\Documents\GitHub_Proyectos\PWMGeneracionMedicion\freertos\Debug\libfreertos.a(port.o)
 .bss.__malloc_free_list
                0x0000000020000248        0x4 c:/st/stm32cubeide_1.6.1/stm32cubeide/plugins/com.st.stm32cube.ide.mcu.externaltools.gnu-tools-for-stm32.9-2020-q2-update.win32_1.5.0.202011040924/tools/bin/../lib/gcc/arm-none-eabi/9.3.1/../../../../arm-none-eabi/lib/thumb/v7-m/nofp\libc_nano.a(lib_a-nano-mallocr.o)
                0x0000000020000248                __malloc_free_list
 .bss.__malloc_sbrk_start
                0x000000002000024c        0x4 c:/st/stm32cubeide_1.6.1/stm32cubeide/plugins/com.st.stm32cube.ide.mcu.externaltools.gnu-tools-for-stm32.9-2020-q2-update.win32_1.5.0.202011040924/tools/bin/../lib/gcc/arm-none-eabi/9.3.1/../../../../arm-none-eabi/lib/thumb/v7-m/nofp\libc_nano.a(lib_a-nano-mallocr.o)
                0x000000002000024c                __malloc_sbrk_start
 *(COMMON)
 COMMON         0x0000000020000250        0x5 Core/Src/liquidcrystal_i2c.o
                0x0000000020000250                dpFunction
                0x0000000020000251                dpMode
                0x0000000020000252                dpRows
                0x0000000020000253                dpControl
                0x0000000020000254                dpBacklight
 *fill*         0x0000000020000255        0x3 
 COMMON         0x0000000020000258      0x6f9 Core/Src/main.o
                0x0000000020000258                fre_clust
                0x000000002000025c                fno
                0x0000000020000274                fs
                0x00000000200004a4                sem_UART1
                0x00000000200004a8                hi2c1
                0x00000000200004fc                Mutex
                0x0000000020000500                sem_Dmfd
                0x0000000020000504                h_Dmfd
                0x0000000020000508                br
                0x000000002000050c                h_dsd
                0x0000000020000510                queueSD
                0x0000000020000514                queueLCD
                0x0000000020000518                queuePWM
                0x000000002000051c                free_space
                0x0000000020000520                huart1
                0x0000000020000568                cadenaSD_F
                0x00000000200005e8                h_pwm
                0x00000000200005ec                h_lcd
                0x00000000200005f0                h_mfd
                0x00000000200005f4                htim1
                0x000000002000063c                bw
                0x0000000020000640                queueDSD
                0x0000000020000644                dataPWM
                0x000000002000064c                dataUART
                0x0000000020000663                queueS_1
                0x0000000020000664                pfs
                0x0000000020000668                fresult
                0x000000002000066c                hspi1
                0x00000000200006c4                htim2
                0x000000002000070c                total
                0x0000000020000710                queueDmfd
                0x0000000020000714                queueUART1
                0x0000000020000718                h_UART1
                0x000000002000071c                fil
                0x0000000020000948                h_SD
                0x000000002000094c                queueMFD
                0x0000000020000950                cadena
 *fill*         0x0000000020000951        0x3 
 COMMON         0x0000000020000954       0x48 Core/Src/stm32f1xx_hal_timebase_tim.o