main.c:135:6:HAL_TIM_IC_CaptureCallback	48	static
main.c:163:6:HAL_UART_RxCpltCallback	48	static,ignoring_inline_asm
main.c:195:13:LCDTask	80	static
main.c:252:13:MFDTask	88	static
main.c:282:13:PWMTask	64	static
main.c:328:13:DMFDTask	16	static
main.c:348:13:ReadUART1Task	112	static
main.c:386:13:SDTask	144	static
main.c:431:13:DSDTask	280	static
main.c:459:5:main	16	static
main.c:557:6:SystemClock_Config	72	static
main.c:593:13:MX_I2C1_Init	8	static
main.c:625:13:MX_SPI1_Init	8	static
main.c:661:13:MX_TIM1_Init	96	static
main.c:732:13:MX_TIM2_Init	56	static
main.c:791:13:MX_USART1_UART_Init	8	static
main.c:822:13:MX_GPIO_Init	40	static
main.c:864:6:HAL_TIM_PeriodElapsedCallback	16	static
main.c:880:6:Error_Handler	4	static,ignoring_inline_asm
